Component: ARM Compiler 5.05 update 1 (build 106) Tool: armlink [4d0efa]

==============================================================================

Section Cross References

    main.o(i.circle) refers to dflt_clz.o(x$fpl$dfltu) for __aeabi_ui2d
    main.o(i.circle) refers to ddiv.o(x$fpl$ddiv) for __aeabi_ddiv
    main.o(i.circle) refers to dmul.o(x$fpl$dmul) for __aeabi_dmul
    main.o(i.circle) refers to daddsub_clz.o(x$fpl$dadd) for __aeabi_dadd
    main.o(i.circle) refers to dfixu.o(x$fpl$dfixu) for __aeabi_d2uiz
    main.o(i.circle) refers to stm32f10x_tim.o(i.TIM_SetCompare1) for TIM_SetCompare1
    main.o(i.circle) refers to stm32f10x_tim.o(i.TIM_SetCompare4) for TIM_SetCompare4
    main.o(i.circle) refers to main.o(.data) for one
    main.o(i.deal) refers to main.o(i.circle) for circle
    main.o(i.deal) refers to nrf24l01.o(.bss) for RxBuf
    main.o(i.deal) refers to main.o(.data) for len
    main.o(i.fresh_oled) refers to oled.o(i.OLED_Clear) for OLED_Clear
    main.o(i.fresh_oled) refers to oled.o(i.OLED_ShowString) for OLED_ShowString
    main.o(i.fresh_oled) refers to oled.o(i.OLED_ShowNum) for OLED_ShowNum
    main.o(i.fresh_oled) refers to oled.o(i.OLED_Refresh_Gram) for OLED_Refresh_Gram
    main.o(i.fresh_oled) refers to main.o(.data) for one
    main.o(i.main) refers to delay.o(i.delay_init) for delay_init
    main.o(i.main) refers to adc.o(i.Adc_Init) for Adc_Init
    main.o(i.main) refers to malloc.o(i.mem_init) for mem_init
    main.o(i.main) refers to malloc.o(i.mymalloc) for mymalloc
    main.o(i.main) refers to pwm.o(i.TIM1_PWM_Init) for TIM1_PWM_Init
    main.o(i.main) refers to pwm.o(i.TIM2_PWM_Init) for TIM2_PWM_Init
    main.o(i.main) refers to pwm.o(i.TIM3_PWM_Init) for TIM3_PWM_Init
    main.o(i.main) refers to pwm.o(i.TIM4_PWM_Init) for TIM4_PWM_Init
    main.o(i.main) refers to oled.o(i.OLED_Init) for OLED_Init
    main.o(i.main) refers to key.o(i.key_init) for key_init
    main.o(i.main) refers to main.o(i.circle) for circle
    main.o(i.main) refers to delay.o(i.delay_ms) for delay_ms
    main.o(i.main) refers to nrf24l01.o(i.NRF24L01_Init) for NRF24L01_Init
    main.o(i.main) refers to nrf24l01.o(i.NRF24L01_Check) for NRF24L01_Check
    main.o(i.main) refers to main.o(i.mode1) for mode1
    main.o(i.main) refers to main.o(i.mode0) for mode0
    main.o(i.main) refers to main.o(i.fresh_oled) for fresh_oled
    main.o(i.main) refers to main.o(.data) for rem
    main.o(i.mode0) refers to nrf24l01.o(i.NRF24L01_RX_Mode) for NRF24L01_RX_Mode
    main.o(i.mode0) refers to nrf24l01.o(i.NRF24L01_RxPacket) for NRF24L01_RxPacket
    main.o(i.mode0) refers to main.o(i.deal) for deal
    main.o(i.mode0) refers to main.o(i.send) for send
    main.o(i.mode0) refers to nrf24l01.o(.bss) for RxBuf
    main.o(i.mode1) refers to adc.o(i.Get_Adc_Average) for Get_Adc_Average
    main.o(i.mode1) refers to dflt_clz.o(x$fpl$dfltu) for __aeabi_ui2d
    main.o(i.mode1) refers to ddiv.o(x$fpl$ddiv) for __aeabi_ddiv
    main.o(i.mode1) refers to dmul.o(x$fpl$dmul) for __aeabi_dmul
    main.o(i.mode1) refers to dfixu.o(x$fpl$dfixu) for __aeabi_d2uiz
    main.o(i.mode1) refers to main.o(i.circle) for circle
    main.o(i.mode1) refers to delay.o(i.delay_ms) for delay_ms
    main.o(i.mode1) refers to main.o(.data) for step
    main.o(i.send) refers to nrf24l01.o(i.NRF24L01_TX_Mode) for NRF24L01_TX_Mode
    main.o(i.send) refers to nrf24l01.o(i.NRF24L01_TxPacket) for NRF24L01_TxPacket
    main.o(i.send) refers to nrf24l01.o(i.NRF24L01_RX_Mode) for NRF24L01_RX_Mode
    main.o(i.send) refers to nrf24l01.o(.bss) for TxBuf
    main.o(i.send) refers to main.o(.data) for one
    system_stm32f10x.o(i.SetSysClock) refers to system_stm32f10x.o(i.SetSysClockTo72) for SetSysClockTo72
    system_stm32f10x.o(i.SystemCoreClockUpdate) refers to system_stm32f10x.o(.data) for SystemCoreClock
    system_stm32f10x.o(i.SystemInit) refers to system_stm32f10x.o(i.SetSysClock) for SetSysClock
    delay.o(i.delay_init) refers to misc.o(i.SysTick_CLKSourceConfig) for SysTick_CLKSourceConfig
    delay.o(i.delay_init) refers to system_stm32f10x.o(.data) for SystemCoreClock
    delay.o(i.delay_init) refers to delay.o(.data) for fac_us
    delay.o(i.delay_ms) refers to delay.o(.data) for fac_ms
    delay.o(i.delay_us) refers to delay.o(.data) for fac_us
    sys.o(i.My_GPIO_Init) refers to sys.o(i.power) for power
    sys.o(i.My_GPIO_Init) refers to stm32f10x_rcc.o(i.RCC_APB2PeriphClockCmd) for RCC_APB2PeriphClockCmd
    sys.o(i.My_GPIO_Init) refers to stm32f10x_gpio.o(i.GPIO_Init) for GPIO_Init
    sys.o(i.log_2) refers to sys.o(i.power) for power
    uart3.o(i.USART3_IRQHandler) refers to stm32f10x_usart.o(i.USART_GetITStatus) for USART_GetITStatus
    uart3.o(i.USART3_IRQHandler) refers to stm32f10x_usart.o(i.USART_ReceiveData) for USART_ReceiveData
    uart3.o(i.USART3_IRQHandler) refers to uart3.o(.data) for USART3_RX_STA
    uart3.o(i.USART3_IRQHandler) refers to uart3.o(.bss) for USART3_RX_BUF
[...]
    ../clib/printf.c                         0x00000000   Number         0  __printf_nopercent.o ABSOLUTE
    ../clib/printf.c                         0x00000000   Number         0  _printf_fp_dec.o ABSOLUTE
    ../clib/printf.c                         0x00000000   Number         0  _printf_wchar.o ABSOLUTE
    ../clib/printf.c                         0x00000000   Number         0  _printf_intcommon.o ABSOLUTE
    ../clib/printf.c                         0x00000000   Number         0  __printf_flags_ss_wp.o ABSOLUTE
    ../clib/printf.c                         0x00000000   Number         0  __printf_ss_wp.o ABSOLUTE
    ../clib/printf.c                         0x00000000   Number         0  __printf_flags_wp.o ABSOLUTE
    ../clib/printf.c                         0x00000000   Number         0  __printf_wp.o ABSOLUTE
    ../clib/printf.c                         0x00000000   Number         0  __printf_flags_ss.o ABSOLUTE
    ../clib/printf.c                         0x00000000   Number         0  __printf_ss.o ABSOLUTE
    ../clib/printf.c                         0x00000000   Number         0  __printf_flags.o ABSOLUTE
    ../clib/printf.c                         0x00000000   Number         0  _printf_hex_int_ll_ptr.o ABSOLUTE
    ../clib/printf.c                         0x00000000   Number         0  _printf_hex_ll_ptr.o ABSOLUTE
    ../clib/printf.c                         0x00000000   Number         0  _printf_hex_int_ptr.o ABSOLUTE
    ../clib/printf.c                         0x00000000   Number         0  _printf_hex_ptr.o ABSOLUTE
    ../clib/printf.c                         0x00000000   Number         0  _printf_hex_int_ll.o ABSOLUTE
    ../clib/printf.c                         0x00000000   Number         0  _printf_hex_int.o ABSOLUTE
    ../clib/printf.c                         0x00000000   Number         0  _printf_hex_ll.o ABSOLUTE
    ../clib/printf.c                         0x00000000   Number         0  _printf_oct_int_ll.o ABSOLUTE
    ../clib/printf.c                         0x00000000   Number         0  _printf_oct_int.o ABSOLUTE
    ../clib/printf.c                         0x00000000   Number         0  _printf_longlong_dec.o ABSOLUTE
    ../clib/printf.c                         0x00000000   Number         0  _printf_wctomb.o ABSOLUTE
    ../clib/printf_percent.s                 0x00000000   Number         0  _printf_l.o ABSOLUTE
    ../clib/printf_percent.s                 0x00000000   Number         0  _printf_g.o ABSOLUTE
    ../clib/printf_percent.s                 0x00000000   Number         0  _printf_a.o ABSOLUTE
    ../clib/printf_percent.s                 0x00000000   Number         0  _printf_percent.o ABSOLUTE
    ../clib/printf_percent.s                 0x00000000   Number         0  _printf_llx.o ABSOLUTE
    ../clib/printf_percent.s                 0x00000000   Number         0  _printf_u.o ABSOLUTE
    ../clib/printf_percent.s                 0x00000000   Number         0  _printf_llo.o ABSOLUTE
    ../clib/printf_percent.s                 0x00000000   Number         0  _printf_s.o ABSOLUTE
    ../clib/printf_percent.s                 0x00000000   Number         0  _printf_lli.o ABSOLUTE
    ../clib/printf_percent.s                 0x00000000   Number         0  _printf_lld.o ABSOLUTE
    ../clib/printf_percent.s                 0x00000000   Number         0  _printf_ls.o ABSOLUTE
    ../clib/printf_percent.s                 0x00000000   Number         0  _printf_lc.o ABSOLUTE
    ../clib/printf_percent.s                 0x00000000   Number         0  _printf_ll.o ABSOLUTE
    ../clib/printf_percent.s                 0x00000000   Number         0  _printf_llu.o ABSOLUTE
    ../clib/printf_percent.s                 0x00000000   Number         0  _printf_p.o ABSOLUTE
    ../clib/printf_percent.s                 0x00000000   Number         0  _printf_percent_end.o ABSOLUTE
    ../clib/printf_percent.s                 0x00000000   Number         0  _printf_e.o ABSOLUTE
    ../clib/printf_percent.s                 0x00000000   Number         0  _printf_f.o ABSOLUTE
    ../clib/printf_percent.s                 0x00000000   Number         0  _printf_c.o ABSOLUTE
    ../clib/printf_percent.s                 0x00000000   Number         0  _printf_n.o ABSOLUTE
    ../clib/printf_percent.s                 0x00000000   Number         0  _printf_d.o ABSOLUTE
    ../clib/printf_percent.s                 0x00000000   Number         0  _printf_i.o ABSOLUTE
    ../clib/printf_percent.s                 0x00000000   Number         0  _printf_o.o ABSOLUTE
    ../clib/printf_percent.s                 0x00000000   Number         0  _printf_x.o ABSOLUTE
    ../clib/signal.c                         0x00000000   Number         0  __raise.o ABSOLUTE
    ../clib/signal.c                         0x00000000   Number         0  defsig_rtmem_inner.o ABSOLUTE
    ../clib/signal.c                         0x00000000   Number         0  defsig_exit.o ABSOLUTE
    ../clib/signal.c                         0x00000000   Number         0  defsig_rtmem_formal.o ABSOLUTE
    ../clib/signal.c                         0x00000000   Number         0  defsig_other.o ABSOLUTE
    ../clib/signal.c                         0x00000000   Number         0  defsig_segv_inner.o ABSOLUTE
    ../clib/signal.c                         0x00000000   Number         0  defsig_cppl_inner.o ABSOLUTE
    ../clib/signal.c                         0x00000000   Number         0  defsig_pvfn_inner.o ABSOLUTE
    ../clib/signal.c                         0x00000000   Number         0  defsig_stak_inner.o ABSOLUTE
    ../clib/signal.c                         0x00000000   Number         0  defsig_rtred_inner.o ABSOLUTE
    ../clib/signal.c                         0x00000000   Number         0  defsig_abrt_inner.o ABSOLUTE
    ../clib/signal.c                         0x00000000   Number         0  defsig_general.o ABSOLUTE
    ../clib/signal.c                         0x00000000   Number         0  defsig_rtmem_outer.o ABSOLUTE
    ../clib/signal.c                         0x00000000   Number         0  defsig_fpe_inner.o ABSOLUTE
    ../clib/signal.s                         0x00000000   Number         0  defsig.o ABSOLUTE
    ../clib/stdlib.c                         0x00000000   Number         0  exit.o ABSOLUTE
    ../clib/string.c                         0x00000000   Number         0  strlen.o ABSOLUTE
    ../fplib/daddsub.s                       0x00000000   Number         0  daddsub_clz.o ABSOLUTE
    ../fplib/ddiv.s                          0x00000000   Number         0  ddiv.o ABSOLUTE
    ../fplib/dfixu.s                         0x00000000   Number         0  dfixu.o ABSOLUTE
    ../fplib/dflt.s                          0x00000000   Number         0  dflt_clz.o ABSOLUTE
    ../fplib/dmul.s                          0x00000000   Number         0  dmul.o ABSOLUTE
    ../fplib/dnaninf.s                       0x00000000   Number         0  dnaninf.o ABSOLUTE
    ../fplib/dretinf.s                       0x00000000   Number         0  dretinf.o ABSOLUTE
    ../fplib/fpinit.s                        0x00000000   Number         0  fpinit.o ABSOLUTE
    ../fplib/istatus.s                       0x00000000   Number         0  istatus.o ABSOLUTE
    ../fplib/printf1.s                       0x00000000   Number         0  printf1.o ABSOLUTE
    ../fplib/usenofp.s                       0x00000000   Number         0  usenofp.o ABSOLUTE
    ../mathlib/fpclassify.c                  0x00000000   Number         0  fpclassify.o ABSOLUTE
    ..\CORE\core_cm3.c                       0x00000000   Number         0  core_cm3.o ABSOLUTE
    ..\CORE\startup_stm32f10x_hd.s           0x00000000   Number         0  startup_stm32f10x_hd.o ABSOLUTE
    ..\HARDWARE\ADC\adc.c                    0x00000000   Number         0  adc.o ABSOLUTE
    ..\HARDWARE\IIC\myiic.c                  0x00000000   Number         0  myiic.o ABSOLUTE
    ..\HARDWARE\MALLOC\malloc.c              0x00000000   Number         0  malloc.o ABSOLUTE
    ..\HARDWARE\OLED\oled.c                  0x00000000   Number         0  oled.o ABSOLUTE
    ..\HARDWARE\PWM\pwm.c                    0x00000000   Number         0  pwm.o ABSOLUTE
    ..\HARDWARE\USART3\uart3.c               0x00000000   Number         0  uart3.o ABSOLUTE
    ..\HARDWARE\key\key.c                    0x00000000   Number         0  key.o ABSOLUTE
    ..\HARDWARE\nrf24l01\NRF24L01.c          0x00000000   Number         0  nrf24l01.o ABSOLUTE
    ..\HARDWARE\nrf24l01\spi1.c              0x00000000   Number         0  spi1.o ABSOLUTE
    ..\HARDWARE\nrf24l01\spi2.c              0x00000000   Number         0  spi2.o ABSOLUTE
    ..\HARDWARE\usart1\usart1.c              0x00000000   Number         0  usart1.o ABSOLUTE
    ..\STM32F10x_FWLib\src\misc.c            0x00000000   Number         0  misc.o ABSOLUTE
    ..\STM32F10x_FWLib\src\stm32f10x_adc.c   0x00000000   Number         0  stm32f10x_adc.o ABSOLUTE
    ..\STM32F10x_FWLib\src\stm32f10x_bkp.c   0x00000000   Number         0  stm32f10x_bkp.o ABSOLUTE
    ..\STM32F10x_FWLib\src\stm32f10x_can.c   0x00000000   Number         0  stm32f10x_can.o ABSOLUTE
    ..\STM32F10x_FWLib\src\stm32f10x_cec.c   0x00000000   Number         0  stm32f10x_cec.o ABSOLUTE
    ..\STM32F10x_FWLib\src\stm32f10x_crc.c   0x00000000   Number         0  stm32f10x_crc.o ABSOLUTE
    ..\STM32F10x_FWLib\src\stm32f10x_dac.c   0x00000000   Number         0  stm32f10x_dac.o ABSOLUTE
    ..\STM32F10x_FWLib\src\stm32f10x_dbgmcu.c 0x00000000   Number         0  stm32f10x_dbgmcu.o ABSOLUTE
    ..\STM32F10x_FWLib\src\stm32f10x_dma.c   0x00000000   Number         0  stm32f10x_dma.o ABSOLUTE
    ..\STM32F10x_FWLib\src\stm32f10x_exti.c  0x00000000   Number         0  stm32f10x_exti.o ABSOLUTE
    ..\STM32F10x_FWLib\src\stm32f10x_flash.c 0x00000000   Number         0  stm32f10x_flash.o ABSOLUTE
    ..\STM32F10x_FWLib\src\stm32f10x_fsmc.c  0x00000000   Number         0  stm32f10x_fsmc.o ABSOLUTE
    ..\STM32F10x_FWLib\src\stm32f10x_gpio.c  0x00000000   Number         0  stm32f10x_gpio.o ABSOLUTE
    ..\STM32F10x_FWLib\src\stm32f10x_i2c.c   0x00000000   Number         0  stm32f10x_i2c.o ABSOLUTE
    ..\STM32F10x_FWLib\src\stm32f10x_iwdg.c  0x00000000   Number         0  stm32f10x_iwdg.o ABSOLUTE
    ..\STM32F10x_FWLib\src\stm32f10x_pwr.c   0x00000000   Number         0  stm32f10x_pwr.o ABSOLUTE
    ..\STM32F10x_FWLib\src\stm32f10x_rcc.c   0x00000000   Number         0  stm32f10x_rcc.o ABSOLUTE
    ..\STM32F10x_FWLib\src\stm32f10x_rtc.c   0x00000000   Number         0  stm32f10x_rtc.o ABSOLUTE
    ..\STM32F10x_FWLib\src\stm32f10x_sdio.c  0x00000000   Number         0  stm32f10x_sdio.o ABSOLUTE
    ..\STM32F10x_FWLib\src\stm32f10x_spi.c   0x00000000   Number         0  stm32f10x_spi.o ABSOLUTE
    ..\STM32F10x_FWLib\src\stm32f10x_tim.c   0x00000000   Number         0  stm32f10x_tim.o ABSOLUTE
    ..\STM32F10x_FWLib\src\stm32f10x_usart.c 0x00000000   Number         0  stm32f10x_usart.o ABSOLUTE
    ..\STM32F10x_FWLib\src\stm32f10x_wwdg.c  0x00000000   Number         0  stm32f10x_wwdg.o ABSOLUTE
    ..\SYSTEM\delay\delay.c                  0x00000000   Number         0  delay.o ABSOLUTE
    ..\SYSTEM\sys\sys.c                      0x00000000   Number         0  sys.o ABSOLUTE
    ..\\CORE\\core_cm3.c                     0x00000000   Number         0  core_cm3.o ABSOLUTE
    ..\\SYSTEM\\sys\\sys.c                   0x00000000   Number         0  sys.o ABSOLUTE
    dc.s                                     0x00000000   Number         0  dc.o ABSOLUTE
    main.c                                   0x00000000   Number         0  main.o ABSOLUTE
    stm32f10x_it.c                           0x00000000   Number         0  stm32f10x_it.o ABSOLUTE
    system_stm32f10x.c                       0x00000000   Number         0  system_stm32f10x.o ABSOLUTE
    RESET                                    0x08000000   Section      304  startup_stm32f10x_hd.o(RESET)
    !!!main                                  0x08000130   Section        8  __main.o(!!!main)
    !!!scatter                               0x08000138   Section       52  __scatter.o(!!!scatter)
    !!handler_copy                           0x0800016c   Section       26  __scatter_copy.o(!!handler_copy)
    !!handler_zi                             0x08000188   Section       28  __scatter_zi.o(!!handler_zi)
    .ARM.Collect$$libinit$$00000000          0x080001a4   Section        2  libinit.o(.ARM.Collect$$libinit$$00000000)
    .ARM.Collect$$libinit$$00000002          0x080001a6   Section        0  libinit2.o(.ARM.Collect$$libinit$$00000002)
    .ARM.Collect$$libinit$$00000004          0x080001a6   Section        0  libinit2.o(.ARM.Collect$$libinit$$00000004)
    .ARM.Collect$$libinit$$0000000A          0x080001a6   Section        0  libinit2.o(.ARM.Collect$$libinit$$0000000A)
    .ARM.Collect$$libinit$$0000000C          0x080001a6   Section        0  libinit2.o(.ARM.Collect$$libinit$$0000000C)
    .ARM.Collect$$libinit$$0000000E          0x080001a6   Section        0  libinit2.o(.ARM.Collect$$libinit$$0000000E)
    .ARM.Collect$$libinit$$00000011          0x080001a6   Section        0  libinit2.o(.ARM.Collect$$libinit$$00000011)
    .ARM.Collect$$libinit$$00000013          0x080001a6   Section        0  libinit2.o(.ARM.Collect$$libinit$$00000013)
    .ARM.Collect$$libinit$$00000015          0x080001a6   Section        0  libinit2.o(.ARM.Collect$$libinit$$00000015)
    .ARM.Collect$$libinit$$00000017          0x080001a6   Section        0  libinit2.o(.ARM.Collect$$libinit$$00000017)
    .ARM.Collect$$libinit$$00000019          0x080001a6   Section        0  libinit2.o(.ARM.Collect$$libinit$$00000019)
    .ARM.Collect$$libinit$$0000001B          0x080001a6   Section        0  libinit2.o(.ARM.Collect$$libinit$$0000001B)
    .ARM.Collect$$libinit$$0000001D          0x080001a6   Section        0  libinit2.o(.ARM.Collect$$libinit$$0000001D)
    .ARM.Collect$$libinit$$0000001F          0x080001a6   Section        0  libinit2.o(.ARM.Collect$$libinit$$0000001F)
    .ARM.Collect$$libinit$$00000021          0x080001a6   Section        0  libinit2.o(.ARM.Collect$$libinit$$00000021)
    .ARM.Collect$$libinit$$00000023          0x080001a6   Section        0  libinit2.o(.ARM.Collect$$libinit$$00000023)
    .ARM.Collect$$libinit$$00000025          0x080001a6   Section        0  libinit2.o(.ARM.Collect$$libinit$$00000025)
    .ARM.Collect$$libinit$$0000002C          0x080001a6   Section        0  libinit2.o(.ARM.Collect$$libinit$$0000002C)
    .ARM.Collect$$libinit$$0000002E          0x080001a6   Section        0  libinit2.o(.ARM.Collect$$libinit$$0000002E)
    .ARM.Collect$$libinit$$00000030          0x080001a6   Section        0  libinit2.o(.ARM.Collect$$libinit$$00000030)
    .ARM.Collect$$libinit$$00000032          0x080001a6   Section        0  libinit2.o(.ARM.Collect$$libinit$$00000032)
    .ARM.Collect$$libinit$$00000033          0x080001a6   Section        2  libinit2.o(.ARM.Collect$$libinit$$00000033)
    .ARM.Collect$$libshutdown$$00000000      0x080001a8   Section        2  libshutdown.o(.ARM.Collect$$libshutdown$$00000000)
    .ARM.Collect$$libshutdown$$00000003      0x080001aa   Section        0  libshutdown2.o(.ARM.Collect$$libshutdown$$00000003)
    .ARM.Collect$$libshutdown$$00000006      0x080001aa   Section        0  libshutdown2.o(.ARM.Collect$$libshutdown$$00000006)
    .ARM.Collect$$libshutdown$$00000009      0x080001aa   Section        0  libshutdown2.o(.ARM.Collect$$libshutdown$$00000009)
    .ARM.Collect$$libshutdown$$0000000B      0x080001aa   Section        0  libshutdown2.o(.ARM.Collect$$libshutdown$$0000000B)
    .ARM.Collect$$libshutdown$$0000000E      0x080001aa   Section        0  libshutdown2.o(.ARM.Collect$$libshutdown$$0000000E)
    .ARM.Collect$$libshutdown$$0000000F      0x080001aa   Section        2  libshutdown2.o(.ARM.Collect$$libshutdown$$0000000F)
    .ARM.Collect$$rtentry$$00000000          0x080001ac   Section        0  __rtentry.o(.ARM.Collect$$rtentry$$00000000)
    .ARM.Collect$$rtentry$$00000002          0x080001ac   Section        0  __rtentry2.o(.ARM.Collect$$rtentry$$00000002)
    .ARM.Collect$$rtentry$$00000004          0x080001ac   Section        6  __rtentry4.o(.ARM.Collect$$rtentry$$00000004)
    .ARM.Collect$$rtentry$$00000009          0x080001b2   Section        0  __rtentry2.o(.ARM.Collect$$rtentry$$00000009)
    .ARM.Collect$$rtentry$$0000000A          0x080001b2   Section        4  __rtentry2.o(.ARM.Collect$$rtentry$$0000000A)
    .ARM.Collect$$rtentry$$0000000C          0x080001b6   Section        0  __rtentry2.o(.ARM.Collect$$rtentry$$0000000C)
    .ARM.Collect$$rtentry$$0000000D          0x080001b6   Section        8  __rtentry2.o(.ARM.Collect$$rtentry$$0000000D)
    .ARM.Collect$$rtexit$$00000000           0x080001be   Section        2  rtexit.o(.ARM.Collect$$rtexit$$00000000)
    .ARM.Collect$$rtexit$$00000002           0x080001c0   Section        0  rtexit2.o(.ARM.Collect$$rtexit$$00000002)
    .ARM.Collect$$rtexit$$00000003           0x080001c0   Section        4  rtexit2.o(.ARM.Collect$$rtexit$$00000003)
    .ARM.Collect$$rtexit$$00000004           0x080001c4   Section        6  rtexit2.o(.ARM.Collect$$rtexit$$00000004)
    .text                                    0x080001cc   Section       64  startup_stm32f10x_hd.o(.text)
    .text                                    0x0800020c   Section        0  heapauxi.o(.text)
    .text                                    0x08000212   Section       74  sys_stackheap_outer.o(.text)
    .text                                    0x0800025c   Section        0  exit.o(.text)
    .text                                    0x08000268   Section        8  libspace.o(.text)
    .text                                    0x08000270   Section        0  sys_exit.o(.text)
    .text                                    0x0800027c   Section        2  use_no_semi.o(.text)
    .text                                    0x0800027e   Section        0  indicate_semi.o(.text)
    i.ADC_Cmd                                0x0800027e   Section        0  stm32f10x_adc.o(i.ADC_Cmd)
    i.ADC_DeInit                             0x08000294   Section        0  stm32f10x_adc.o(i.ADC_DeInit)
    i.ADC_GetCalibrationStatus               0x080002f0   Section        0  stm32f10x_adc.o(i.ADC_GetCalibrationStatus)
    i.ADC_GetConversionValue                 0x08000304   Section        0  stm32f10x_adc.o(i.ADC_GetConversionValue)
    i.ADC_GetFlagStatus                      0x0800030c   Section        0  stm32f10x_adc.o(i.ADC_GetFlagStatus)
    i.ADC_GetResetCalibrationStatus          0x0800031e   Section        0  stm32f10x_adc.o(i.ADC_GetResetCalibrationStatus)
    i.ADC_Init                               0x08000334   Section        0  stm32f10x_adc.o(i.ADC_Init)
    i.ADC_RegularChannelConfig               0x08000384   Section        0  stm32f10x_adc.o(i.ADC_RegularChannelConfig)
    i.ADC_ResetCalibration                   0x0800043c   Section        0  stm32f10x_adc.o(i.ADC_ResetCalibration)
    i.ADC_SoftwareStartConvCmd               0x08000446   Section        0  stm32f10x_adc.o(i.ADC_SoftwareStartConvCmd)
    i.ADC_StartCalibration                   0x0800045c   Section        0  stm32f10x_adc.o(i.ADC_StartCalibration)
    i.Adc_Init                               0x08000468   Section        0  adc.o(i.Adc_Init)
    i.BusFault_Handler                       0x080004f4   Section        0  stm32f10x_it.o(i.BusFault_Handler)
    i.DMA_DeInit                             0x080004f8   Section        0  stm32f10x_dma.o(i.DMA_DeInit)
    i.DMA_Init                               0x08000644   Section        0  stm32f10x_dma.o(i.DMA_Init)
    i.DMAx_SPI2_Init                         0x08000680   Section        0  spi2.o(i.DMAx_SPI2_Init)
    i.DebugMon_Handler                       0x08000720   Section        0  stm32f10x_it.o(i.DebugMon_Handler)
    i.GPIO_Init                              0x08000722   Section        0  stm32f10x_gpio.o(i.GPIO_Init)
    i.GPIO_ResetBits                         0x08000838   Section        0  stm32f10x_gpio.o(i.GPIO_ResetBits)
    i.GPIO_SetBits                           0x0800083c   Section        0  stm32f10x_gpio.o(i.GPIO_SetBits)
    i.Get_Adc                                0x08000840   Section        0  adc.o(i.Get_Adc)
    i.Get_Adc_Average                        0x08000874   Section        0  adc.o(i.Get_Adc_Average)
    i.HardFault_Handler                      0x080008a2   Section        0  stm32f10x_it.o(i.HardFault_Handler)
    i.IIC_Init                               0x080008a8   Section        0  myiic.o(i.IIC_Init)
    i.IIC_Send_Byte                          0x080008dc   Section        0  myiic.o(i.IIC_Send_Byte)
    i.IIC_Start                              0x08000950   Section        0  myiic.o(i.IIC_Start)
    i.IIC_Stop                               0x0800099c   Section        0  myiic.o(i.IIC_Stop)
    i.IIC_Wait_Ack                           0x080009e8   Section        0  myiic.o(i.IIC_Wait_Ack)
    i.MemManage_Handler                      0x08000a4c   Section        0  stm32f10x_it.o(i.MemManage_Handler)
    i.My_GPIO_Init                           0x08000a50   Section        0  sys.o(i.My_GPIO_Init)
    i.NMI_Handler                            0x08000b00   Section        0  stm32f10x_it.o(i.NMI_Handler)
    i.NRF24L01_Check                         0x08000b04   Section        0  nrf24l01.o(i.NRF24L01_Check)
    i.NRF24L01_Clear_TxBuf                   0x08000b54   Section        0  nrf24l01.o(i.NRF24L01_Clear_TxBuf)
    i.NRF24L01_IO_Init                       0x08000b70   Section        0  nrf24l01.o(i.NRF24L01_IO_Init)
    i.NRF24L01_Init                          0x08000c24   Section        0  nrf24l01.o(i.NRF24L01_Init)
    i.NRF24L01_RX_Mode                       0x08000c68   Section        0  nrf24l01.o(i.NRF24L01_RX_Mode)
    i.NRF24L01_Read_Buf                      0x08000ca8   Section        0  nrf24l01.o(i.NRF24L01_Read_Buf)
    i.NRF24L01_Read_Reg                      0x08000ce4   Section        0  nrf24l01.o(i.NRF24L01_Read_Reg)
    i.NRF24L01_RxPacket                      0x08000d10   Section        0  nrf24l01.o(i.NRF24L01_RxPacket)
    i.NRF24L01_TX_Mode                       0x08000d4c   Section        0  nrf24l01.o(i.NRF24L01_TX_Mode)
    i.NRF24L01_TxPacket                      0x08000d94   Section        0  nrf24l01.o(i.NRF24L01_TxPacket)
    i.NRF24L01_Write_Buf                     0x08000dfc   Section        0  nrf24l01.o(i.NRF24L01_Write_Buf)
    i.NRF24L01_Write_Reg                     0x08000e38   Section        0  nrf24l01.o(i.NRF24L01_Write_Reg)
    i.OLED_Clear                             0x08000e68   Section        0  oled.o(i.OLED_Clear)
    i.OLED_DrawPoint                         0x08000e98   Section        0  oled.o(i.OLED_DrawPoint)
    i.OLED_Init                              0x08000f00   Section        0  oled.o(i.OLED_Init)
    i.OLED_Refresh_Gram                      0x08000fe0   Section        0  oled.o(i.OLED_Refresh_Gram)
    i.OLED_ShowChar                          0x0800102c   Section        0  oled.o(i.OLED_ShowChar)
    i.OLED_ShowNum                           0x08001138   Section        0  oled.o(i.OLED_ShowNum)
    i.OLED_ShowString                        0x080011cc   Section        0  oled.o(i.OLED_ShowString)
    i.OLED_WR_Byte                           0x0800122a   Section        0  myiic.o(i.OLED_WR_Byte)
    i.PendSV_Handler                         0x08001242   Section        0  stm32f10x_it.o(i.PendSV_Handler)
    i.RCC_AHBPeriphClockCmd                  0x08001244   Section        0  stm32f10x_rcc.o(i.RCC_AHBPeriphClockCmd)
    i.RCC_APB1PeriphClockCmd                 0x08001264   Section        0  stm32f10x_rcc.o(i.RCC_APB1PeriphClockCmd)
    i.RCC_APB2PeriphClockCmd                 0x08001284   Section        0  stm32f10x_rcc.o(i.RCC_APB2PeriphClockCmd)
    i.RCC_APB2PeriphResetCmd                 0x080012a4   Section        0  stm32f10x_rcc.o(i.RCC_APB2PeriphResetCmd)
    i.SPI2_Init                              0x080012c4   Section        0  spi2.o(i.SPI2_Init)
    i.SPI2_ReadWriteByte                     0x08001368   Section        0  spi2.o(i.SPI2_ReadWriteByte)
    i.SPI2_SetSpeed                          0x080013bc   Section        0  spi2.o(i.SPI2_SetSpeed)
    i.SPI_Cmd                                0x080013e4   Section        0  stm32f10x_spi.o(i.SPI_Cmd)
    i.SPI_I2S_DMACmd                         0x080013fc   Section        0  stm32f10x_spi.o(i.SPI_I2S_DMACmd)
    i.SPI_I2S_GetFlagStatus                  0x0800140e   Section        0  stm32f10x_spi.o(i.SPI_I2S_GetFlagStatus)
    i.SPI_I2S_ReceiveData                    0x08001420   Section        0  stm32f10x_spi.o(i.SPI_I2S_ReceiveData)
    i.SPI_I2S_SendData                       0x08001426   Section        0  stm32f10x_spi.o(i.SPI_I2S_SendData)
    i.SPI_Init                               0x0800142a   Section        0  stm32f10x_spi.o(i.SPI_Init)
    i.SPI_StructInit                         0x08001466   Section        0  stm32f10x_spi.o(i.SPI_StructInit)
    i.SVC_Handler                            0x0800147e   Section        0  stm32f10x_it.o(i.SVC_Handler)
    i.SetSysClock                            0x08001480   Section        0  system_stm32f10x.o(i.SetSysClock)
    SetSysClock                              0x08001481   Thumb Code     8  system_stm32f10x.o(i.SetSysClock)
    i.SetSysClockTo72                        0x08001488   Section        0  system_stm32f10x.o(i.SetSysClockTo72)
    SetSysClockTo72                          0x08001489   Thumb Code   214  system_stm32f10x.o(i.SetSysClockTo72)
    i.SysTick_CLKSourceConfig                0x08001568   Section        0  misc.o(i.SysTick_CLKSourceConfig)
    i.SysTick_Handler                        0x08001590   Section        0  stm32f10x_it.o(i.SysTick_Handler)
    i.SystemInit                             0x08001594   Section        0  system_stm32f10x.o(i.SystemInit)
    i.TIM1_PWM_Init                          0x080015f4   Section        0  pwm.o(i.TIM1_PWM_Init)
    i.TIM2_PWM_Init                          0x0800168c   Section        0  pwm.o(i.TIM2_PWM_Init)
    i.TIM3_PWM_Init                          0x08001724   Section        0  pwm.o(i.TIM3_PWM_Init)
    i.TIM4_PWM_Init                          0x080017bc   Section        0  pwm.o(i.TIM4_PWM_Init)
    i.TIM_ARRPreloadConfig                   0x08001854   Section        0  stm32f10x_tim.o(i.TIM_ARRPreloadConfig)
    i.TIM_Cmd                                0x0800186c   Section        0  stm32f10x_tim.o(i.TIM_Cmd)
    i.TIM_CtrlPWMOutputs                     0x08001884   Section        0  stm32f10x_tim.o(i.TIM_CtrlPWMOutputs)
    i.TIM_OC1Init                            0x080018a4   Section        0  stm32f10x_tim.o(i.TIM_OC1Init)
    i.TIM_OC1PreloadConfig                   0x0800193c   Section        0  stm32f10x_tim.o(i.TIM_OC1PreloadConfig)
    i.TIM_OC4Init                            0x08001950   Section        0  stm32f10x_tim.o(i.TIM_OC4Init)
    i.TIM_OC4PreloadConfig                   0x080019cc   Section        0  stm32f10x_tim.o(i.TIM_OC4PreloadConfig)
    i.TIM_SetCompare1                        0x080019e6   Section        0  stm32f10x_tim.o(i.TIM_SetCompare1)
    i.TIM_SetCompare4                        0x080019ea   Section        0  stm32f10x_tim.o(i.TIM_SetCompare4)
    i.TIM_TimeBaseInit                       0x080019f0   Section        0  stm32f10x_tim.o(i.TIM_TimeBaseInit)
    i.USART1_IRQHandler                      0x08001a94   Section        0  usart1.o(i.USART1_IRQHandler)
    i.USART1_RX_STA_SET                      0x08001b18   Section        0  usart1.o(i.USART1_RX_STA_SET)
    i.USART3_IRQHandler                      0x08001b6c   Section        0  uart3.o(i.USART3_IRQHandler)
    i.USART_ClearFlag                        0x08001bf4   Section        0  stm32f10x_usart.o(i.USART_ClearFlag)
    i.USART_GetFlagStatus                    0x08001c06   Section        0  stm32f10x_usart.o(i.USART_GetFlagStatus)
    i.USART_GetITStatus                      0x08001c20   Section        0  stm32f10x_usart.o(i.USART_GetITStatus)
    i.USART_ReceiveData                      0x08001c74   Section        0  stm32f10x_usart.o(i.USART_ReceiveData)
    i.UsageFault_Handler                     0x08001c7e   Section        0  stm32f10x_it.o(i.UsageFault_Handler)
    i.Write_IIC_Command                      0x08001c82   Section        0  myiic.o(i.Write_IIC_Command)
    i.Write_IIC_Data                         0x08001cae   Section        0  myiic.o(i.Write_IIC_Data)
    i.circle                                 0x08001cdc   Section        0  main.o(i.circle)
    i.deal                                   0x08001e48   Section        0  main.o(i.deal)
    i.delay_init                             0x08002004   Section        0  delay.o(i.delay_init)
    i.delay_ms                               0x0800203c   Section        0  delay.o(i.delay_ms)
    i.delay_us                               0x08002104   Section        0  delay.o(i.delay_us)
    i.fresh_oled                             0x08002154   Section        0  main.o(i.fresh_oled)
    i.key_init                               0x08002208   Section        0  key.o(i.key_init)
    i.main                                   0x08002234   Section        0  main.o(i.main)
    i.mem_init                               0x08002354   Section        0  malloc.o(i.mem_init)
    i.mem_malloc                             0x08002380   Section        0  malloc.o(i.mem_malloc)
    i.mem_perused                            0x080023f8   Section        0  malloc.o(i.mem_perused)
    i.mode0                                  0x08002428   Section        0  main.o(i.mode0)
    i.mode1                                  0x08002448   Section        0  main.o(i.mode1)
    i.mymalloc                               0x08002614   Section        0  malloc.o(i.mymalloc)
    i.mymemset                               0x08002634   Section        0  malloc.o(i.mymemset)
    i.mypow                                  0x08002648   Section        0  oled.o(i.mypow)
    i.power                                  0x0800265e   Section        0  sys.o(i.power)
    i.send                                   0x08002674   Section        0  main.o(i.send)
    x$fpl$dadd                               0x080026c8   Section      336  daddsub_clz.o(x$fpl$dadd)
    _dadd1                                   0x080026d9   Thumb Code     0  daddsub_clz.o(x$fpl$dadd)
    x$fpl$ddiv                               0x08002818   Section      688  ddiv.o(x$fpl$ddiv)
    ddiv_entry                               0x0800281f   Thumb Code     0  ddiv.o(x$fpl$ddiv)
    x$fpl$dfixu                              0x08002ac8   Section       90  dfixu.o(x$fpl$dfixu)
    x$fpl$dfltu                              0x08002b22   Section       38  dflt_clz.o(x$fpl$dfltu)
    x$fpl$dmul                               0x08002b48   Section      340  dmul.o(x$fpl$dmul)
    x$fpl$dnaninf                            0x08002c9c   Section      156  dnaninf.o(x$fpl$dnaninf)
    x$fpl$dretinf                            0x08002d38   Section       12  dretinf.o(x$fpl$dretinf)
    x$fpl$dsub                               0x08002d44   Section      468  daddsub_clz.o(x$fpl$dsub)
    _dsub1                                   0x08002d55   Thumb Code     0  daddsub_clz.o(x$fpl$dsub)
    .constdata                               0x08002f18   Section     8152  oled.o(.constdata)
    x$fpl$usenofp                            0x08002f18   Section        0  usenofp.o(x$fpl$usenofp)
    .data                                    0x20000000   Section       11  main.o(.data)
    .data                                    0x2000000c   Section       20  system_stm32f10x.o(.data)
    .data                                    0x20000020   Section        8  delay.o(.data)
    fac_us                                   0x20000020   Data           1  delay.o(.data)
    fac_ms                                   0x20000024   Data           4  delay.o(.data)
    .data                                    0x20000028   Section        8  uart3.o(.data)
    times                                    0x2000002c   Data           4  uart3.o(.data)
    .data                                    0x20000030   Section       12  nrf24l01.o(.data)
    .data                                    0x2000003c   Section        2  usart1.o(.data)
    .data                                    0x20000040   Section       20  malloc.o(.data)
    .bss                                     0x20000054   Section     1000  uart3.o(.bss)
    USART3_TX_BUF                            0x20000374   Data         200  uart3.o(.bss)
    .bss                                     0x2000043c   Section       64  nrf24l01.o(.bss)
    .bss                                     0x2000047c   Section      600  usart1.o(.bss)
    .bss                                     0x200006d4   Section     1024  oled.o(.bss)
    .bss                                     0x20000ad4   Section    10880  malloc.o(.bss)
    .bss                                     0x20003554   Section       96  libspace.o(.bss)
    HEAP                                     0x200035b8   Section      512  startup_stm32f10x_hd.o(HEAP)
    Heap_Mem                                 0x200035b8   Data         512  startup_stm32f10x_hd.o(HEAP)
    STACK                                    0x200037b8   Section     1024  startup_stm32f10x_hd.o(STACK)
    Stack_Mem                                0x200037b8   Data        1024  startup_stm32f10x_hd.o(STACK)
    __initial_sp                             0x20003bb8   Data           0  startup_stm32f10x_hd.o(STACK)

    Global Symbols

    Symbol Name                              Value     Ov Type        Size  Object(Section)

    BuildAttributes$$THM_ISAv4$P$D$K$B$S$PE$A:L22UL41UL21$X:L11$S22US41US21$IEEE1$IW$USESV6$~STKCKD$USESV7$~SHL$OTIME$ROPI$IEEEJ$EBA8$UX$STANDARDLIB$REQ8$PRES8$EABIv2 0x00000000   Number         0  anon$$obj.o ABSOLUTE
    __ARM_use_no_argv                        0x00000000   Number         0  main.o ABSOLUTE
    _printf_flags                            0x00000000   Number         0  printf_stubs.o ABSOLUTE
    _printf_return_value                     0x00000000   Number         0  printf_stubs.o ABSOLUTE
    _printf_sizespec                         0x00000000   Number         0  printf_stubs.o ABSOLUTE
    _printf_widthprec                        0x00000000   Number         0  printf_stubs.o ABSOLUTE
    __ARM_exceptions_init                     - Undefined Weak Reference
    __alloca_initialize                       - Undefined Weak Reference
    __arm_preinit_                            - Undefined Weak Reference
    __cpp_initialize__aeabi_                  - Undefined Weak Reference
    __cxa_finalize                            - Undefined Weak Reference
    __sigvec_lookup                           - Undefined Weak Reference
    _atexit_init                              - Undefined Weak Reference
    _call_atexit_fns                          - Undefined Weak Reference
    _clock_init                               - Undefined Weak Reference
    _fp_trap_init                             - Undefined Weak Reference
    _fp_trap_shutdown                         - Undefined Weak Reference
    _get_lc_collate                           - Undefined Weak Reference
    _get_lc_monetary                          - Undefined Weak Reference
    _get_lc_time                              - Undefined Weak Reference
    _getenv_init                              - Undefined Weak Reference
    _handle_redirection                       - Undefined Weak Reference
    _init_alloc                               - Undefined Weak Reference
    _init_user_alloc                          - Undefined Weak Reference
    _initio                                   - Undefined Weak Reference
    _printf_fp_hex                            - Undefined Weak Reference
    _printf_mbtowc                            - Undefined Weak Reference
    _printf_wc                                - Undefined Weak Reference
    _rand_init                                - Undefined Weak Reference
    _signal_finish                            - Undefined Weak Reference
    _signal_init                              - Undefined Weak Reference
    _terminate_alloc                          - Undefined Weak Reference
    _terminate_user_alloc                     - Undefined Weak Reference
    _terminateio                              - Undefined Weak Reference
    __Vectors_Size                           0x00000130   Number         0  startup_stm32f10x_hd.o ABSOLUTE
    __Vectors                                0x08000000   Data           4  startup_stm32f10x_hd.o(RESET)
    __Vectors_End                            0x08000130   Data           0  startup_stm32f10x_hd.o(RESET)
    __main                                   0x08000131   Thumb Code     8  __main.o(!!!main)
    __scatterload                            0x08000139   Thumb Code     0  __scatter.o(!!!scatter)
    __scatterload_rt2                        0x08000139   Thumb Code    44  __scatter.o(!!!scatter)
    __scatterload_rt2_thumb_only             0x08000139   Thumb Code     0  __scatter.o(!!!scatter)
    __scatterload_null                       0x08000147   Thumb Code     0  __scatter.o(!!!scatter)
    __scatterload_copy                       0x0800016d   Thumb Code    26  __scatter_copy.o(!!handler_copy)
    __scatterload_zeroinit                   0x08000189   Thumb Code    28  __scatter_zi.o(!!handler_zi)
    __rt_lib_init                            0x080001a5   Thumb Code     0  libinit.o(.ARM.Collect$$libinit$$00000000)
    __rt_lib_init_alloca_1                   0x080001a7   Thumb Code     0  libinit2.o(.ARM.Collect$$libinit$$0000002E)
    __rt_lib_init_argv_1                     0x080001a7   Thumb Code     0  libinit2.o(.ARM.Collect$$libinit$$0000002C)
    __rt_lib_init_atexit_1                   0x080001a7   Thumb Code     0  libinit2.o(.ARM.Collect$$libinit$$0000001B)
    __rt_lib_init_clock_1                    0x080001a7   Thumb Code     0  libinit2.o(.ARM.Collect$$libinit$$00000021)
    __rt_lib_init_cpp_1                      0x080001a7   Thumb Code     0  libinit2.o(.ARM.Collect$$libinit$$00000032)
    __rt_lib_init_exceptions_1               0x080001a7   Thumb Code     0  libinit2.o(.ARM.Collect$$libinit$$00000030)
    __rt_lib_init_fp_1                       0x080001a7   Thumb Code     0  libinit2.o(.ARM.Collect$$libinit$$00000002)
    __rt_lib_init_fp_trap_1                  0x080001a7   Thumb Code     0  libinit2.o(.ARM.Collect$$libinit$$0000001F)
    __rt_lib_init_getenv_1                   0x080001a7   Thumb Code     0  libinit2.o(.ARM.Collect$$libinit$$00000023)
    __rt_lib_init_heap_1                     0x080001a7   Thumb Code     0  libinit2.o(.ARM.Collect$$libinit$$0000000A)
    __rt_lib_init_lc_collate_1               0x080001a7   Thumb Code     0  libinit2.o(.ARM.Collect$$libinit$$00000011)
    __rt_lib_init_lc_ctype_1                 0x080001a7   Thumb Code     0  libinit2.o(.ARM.Collect$$libinit$$00000013)
    __rt_lib_init_lc_monetary_1              0x080001a7   Thumb Code     0  libinit2.o(.ARM.Collect$$libinit$$00000015)
    __rt_lib_init_lc_numeric_1               0x080001a7   Thumb Code     0  libinit2.o(.ARM.Collect$$libinit$$00000017)
    __rt_lib_init_lc_time_1                  0x080001a7   Thumb Code     0  libinit2.o(.ARM.Collect$$libinit$$00000019)
    __rt_lib_init_preinit_1                  0x080001a7   Thumb Code     0  libinit2.o(.ARM.Collect$$libinit$$00000004)
    __rt_lib_init_rand_1                     0x080001a7   Thumb Code     0  libinit2.o(.ARM.Collect$$libinit$$0000000E)
    __rt_lib_init_return                     0x080001a7   Thumb Code     0  libinit2.o(.ARM.Collect$$libinit$$00000033)
    __rt_lib_init_signal_1                   0x080001a7   Thumb Code     0  libinit2.o(.ARM.Collect$$libinit$$0000001D)
    __rt_lib_init_stdio_1                    0x080001a7   Thumb Code     0  libinit2.o(.ARM.Collect$$libinit$$00000025)
    __rt_lib_init_user_alloc_1               0x080001a7   Thumb Code     0  libinit2.o(.ARM.Collect$$libinit$$0000000C)
    __rt_lib_shutdown                        0x080001a9   Thumb Code     0  libshutdown.o(.ARM.Collect$$libshutdown$$00000000)
    __rt_lib_shutdown_fp_trap_1              0x080001ab   Thumb Code     0  libshutdown2.o(.ARM.Collect$$libshutdown$$00000006)
    __rt_lib_shutdown_heap_1                 0x080001ab   Thumb Code     0  libshutdown2.o(.ARM.Collect$$libshutdown$$0000000E)
    __rt_lib_shutdown_return                 0x080001ab   Thumb Code     0  libshutdown2.o(.ARM.Collect$$libshutdown$$0000000F)
    __rt_lib_shutdown_signal_1               0x080001ab   Thumb Code     0  libshutdown2.o(.ARM.Collect$$libshutdown$$00000009)
    __rt_lib_shutdown_stdio_1                0x080001ab   Thumb Code     0  libshutdown2.o(.ARM.Collect$$libshutdown$$00000003)
    __rt_lib_shutdown_user_alloc_1           0x080001ab   Thumb Code     0  libshutdown2.o(.ARM.Collect$$libshutdown$$0000000B)
    __rt_entry                               0x080001ad   Thumb Code     0  __rtentry.o(.ARM.Collect$$rtentry$$00000000)
    __rt_entry_presh_1                       0x080001ad   Thumb Code     0  __rtentry2.o(.ARM.Collect$$rtentry$$00000002)
    __rt_entry_sh                            0x080001ad   Thumb Code     0  __rtentry4.o(.ARM.Collect$$rtentry$$00000004)
    __rt_entry_li                            0x080001b3   Thumb Code     0  __rtentry2.o(.ARM.Collect$$rtentry$$0000000A)
    __rt_entry_postsh_1                      0x080001b3   Thumb Code     0  __rtentry2.o(.ARM.Collect$$rtentry$$00000009)
    __rt_entry_main                          0x080001b7   Thumb Code     0  __rtentry2.o(.ARM.Collect$$rtentry$$0000000D)
    __rt_entry_postli_1                      0x080001b7   Thumb Code     0  __rtentry2.o(.ARM.Collect$$rtentry$$0000000C)
    __rt_exit                                0x080001bf   Thumb Code     0  rtexit.o(.ARM.Collect$$rtexit$$00000000)
    __rt_exit_ls                             0x080001c1   Thumb Code     0  rtexit2.o(.ARM.Collect$$rtexit$$00000003)
    __rt_exit_prels_1                        0x080001c1   Thumb Code     0  rtexit2.o(.ARM.Collect$$rtexit$$00000002)
    __rt_exit_exit                           0x080001c5   Thumb Code     0  rtexit2.o(.ARM.Collect$$rtexit$$00000004)
    Reset_Handler                            0x080001cd   Thumb Code     8  startup_stm32f10x_hd.o(.text)
    ADC1_2_IRQHandler                        0x080001e7   Thumb Code     0  startup_stm32f10x_hd.o(.text)
    ADC3_IRQHandler                          0x080001e7   Thumb Code     0  startup_stm32f10x_hd.o(.text)
    CAN1_RX1_IRQHandler                      0x080001e7   Thumb Code     0  startup_stm32f10x_hd.o(.text)
    CAN1_SCE_IRQHandler                      0x080001e7   Thumb Code     0  startup_stm32f10x_hd.o(.text)
    DMA1_Channel1_IRQHandler                 0x080001e7   Thumb Code     0  startup_stm32f10x_hd.o(.text)
    DMA1_Channel2_IRQHandler                 0x080001e7   Thumb Code     0  startup_stm32f10x_hd.o(.text)
    DMA1_Channel3_IRQHandler                 0x080001e7   Thumb Code     0  startup_stm32f10x_hd.o(.text)
    DMA1_Channel4_IRQHandler                 0x080001e7   Thumb Code     0  startup_stm32f10x_hd.o(.text)
    DMA1_Channel5_IRQHandler                 0x080001e7   Thumb Code     0  startup_stm32f10x_hd.o(.text)
    DMA1_Channel6_IRQHandler                 0x080001e7   Thumb Code     0  startup_stm32f10x_hd.o(.text)
    DMA1_Channel7_IRQHandler                 0x080001e7   Thumb Code     0  startup_stm32f10x_hd.o(.text)
    DMA2_Channel1_IRQHandler                 0x080001e7   Thumb Code     0  startup_stm32f10x_hd.o(.text)
    DMA2_Channel2_IRQHandler                 0x080001e7   Thumb Code     0  startup_stm32f10x_hd.o(.text)
    DMA2_Channel3_IRQHandler                 0x080001e7   Thumb Code     0  startup_stm32f10x_hd.o(.text)
    DMA2_Channel4_5_IRQHandler               0x080001e7   Thumb Code     0  startup_stm32f10x_hd.o(.text)
    EXTI0_IRQHandler                         0x080001e7   Thumb Code     0  startup_stm32f10x_hd.o(.text)
    EXTI15_10_IRQHandler                     0x080001e7   Thumb Code     0  startup_stm32f10x_hd.o(.text)
    EXTI1_IRQHandler                         0x080001e7   Thumb Code     0  startup_stm32f10x_hd.o(.text)
    EXTI2_IRQHandler                         0x080001e7   Thumb Code     0  startup_stm32f10x_hd.o(.text)
    EXTI3_IRQHandler                         0x080001e7   Thumb Code     0  startup_stm32f10x_hd.o(.text)
    EXTI4_IRQHandler                         0x080001e7   Thumb Code     0  startup_stm32f10x_hd.o(.text)
    EXTI9_5_IRQHandler                       0x080001e7   Thumb Code     0  startup_stm32f10x_hd.o(.text)
    FLASH_IRQHandler                         0x080001e7   Thumb Code     0  startup_stm32f10x_hd.o(.text)
    FSMC_IRQHandler                          0x080001e7   Thumb Code     0  startup_stm32f10x_hd.o(.text)
    I2C1_ER_IRQHandler                       0x080001e7   Thumb Code     0  startup_stm32f10x_hd.o(.text)
    I2C1_EV_IRQHandler                       0x080001e7   Thumb Code     0  startup_stm32f10x_hd.o(.text)
    I2C2_ER_IRQHandler                       0x080001e7   Thumb Code     0  startup_stm32f10x_hd.o(.text)
    I2C2_EV_IRQHandler                       0x080001e7   Thumb Code     0  startup_stm32f10x_hd.o(.text)
    PVD_IRQHandler                           0x080001e7   Thumb Code     0  startup_stm32f10x_hd.o(.text)
    RCC_IRQHandler                           0x080001e7   Thumb Code     0  startup_stm32f10x_hd.o(.text)
    RTCAlarm_IRQHandler                      0x080001e7   Thumb Code     0  startup_stm32f10x_hd.o(.text)
    RTC_IRQHandler                           0x080001e7   Thumb Code     0  startup_stm32f10x_hd.o(.text)
    SDIO_IRQHandler                          0x080001e7   Thumb Code     0  startup_stm32f10x_hd.o(.text)
    SPI1_IRQHandler                          0x080001e7   Thumb Code     0  startup_stm32f10x_hd.o(.text)
    SPI2_IRQHandler                          0x080001e7   Thumb Code     0  startup_stm32f10x_hd.o(.text)
    SPI3_IRQHandler                          0x080001e7   Thumb Code     0  startup_stm32f10x_hd.o(.text)
    TAMPER_IRQHandler                        0x080001e7   Thumb Code     0  startup_stm32f10x_hd.o(.text)
    TIM1_BRK_IRQHandler                      0x080001e7   Thumb Code     0  startup_stm32f10x_hd.o(.text)
    TIM1_CC_IRQHandler                       0x080001e7   Thumb Code     0  startup_stm32f10x_hd.o(.text)
    TIM1_TRG_COM_IRQHandler                  0x080001e7   Thumb Code     0  startup_stm32f10x_hd.o(.text)
    TIM1_UP_IRQHandler                       0x080001e7   Thumb Code     0  startup_stm32f10x_hd.o(.text)
    TIM2_IRQHandler                          0x080001e7   Thumb Code     0  startup_stm32f10x_hd.o(.text)
    TIM3_IRQHandler                          0x080001e7   Thumb Code     0  startup_stm32f10x_hd.o(.text)
    TIM4_IRQHandler                          0x080001e7   Thumb Code     0  startup_stm32f10x_hd.o(.text)
    TIM5_IRQHandler                          0x080001e7   Thumb Code     0  startup_stm32f10x_hd.o(.text)
    TIM6_IRQHandler                          0x080001e7   Thumb Code     0  startup_stm32f10x_hd.o(.text)
    TIM7_IRQHandler                          0x080001e7   Thumb Code     0  startup_stm32f10x_hd.o(.text)
    TIM8_BRK_IRQHandler                      0x080001e7   Thumb Code     0  startup_stm32f10x_hd.o(.text)
    TIM8_CC_IRQHandler                       0x080001e7   Thumb Code     0  startup_stm32f10x_hd.o(.text)
    TIM8_TRG_COM_IRQHandler                  0x080001e7   Thumb Code     0  startup_stm32f10x_hd.o(.text)
    TIM8_UP_IRQHandler                       0x080001e7   Thumb Code     0  startup_stm32f10x_hd.o(.text)
    UART4_IRQHandler                         0x080001e7   Thumb Code     0  startup_stm32f10x_hd.o(.text)
    UART5_IRQHandler                         0x080001e7   Thumb Code     0  startup_stm32f10x_hd.o(.text)
    USART2_IRQHandler                        0x080001e7   Thumb Code     0  startup_stm32f10x_hd.o(.text)
    USBWakeUp_IRQHandler                     0x080001e7   Thumb Code     0  startup_stm32f10x_hd.o(.text)
    USB_HP_CAN1_TX_IRQHandler                0x080001e7   Thumb Code     0  startup_stm32f10x_hd.o(.text)
    USB_LP_CAN1_RX0_IRQHandler               0x080001e7   Thumb Code     0  startup_stm32f10x_hd.o(.text)
    WWDG_IRQHandler                          0x080001e7   Thumb Code     0  startup_stm32f10x_hd.o(.text)
    __user_initial_stackheap                 0x080001e9   Thumb Code     0  startup_stm32f10x_hd.o(.text)
    __use_two_region_memory                  0x0800020d   Thumb Code     2  heapauxi.o(.text)
    __rt_heap_escrow$2region                 0x0800020f   Thumb Code     2  heapauxi.o(.text)
    __rt_heap_expand$2region                 0x08000211   Thumb Code     2  heapauxi.o(.text)
    __user_setup_stackheap                   0x08000213   Thumb Code    74  sys_stackheap_outer.o(.text)
    exit                                     0x0800025d   Thumb Code    12  exit.o(.text)
    __user_libspace                          0x08000269   Thumb Code     8  libspace.o(.text)
    __user_perproc_libspace                  0x08000269   Thumb Code     0  libspace.o(.text)
    __user_perthread_libspace                0x08000269   Thumb Code     0  libspace.o(.text)
    _sys_exit                                0x08000271   Thumb Code     8  sys_exit.o(.text)
    __I$use$semihosting                      0x0800027d   Thumb Code     0  use_no_semi.o(.text)
    __use_no_semihosting_swi                 0x0800027d   Thumb Code     2  use_no_semi.o(.text)
    ADC_Cmd                                  0x0800027f   Thumb Code    22  stm32f10x_adc.o(i.ADC_Cmd)
    __semihosting_library_function           0x0800027f   Thumb Code     0  indicate_semi.o(.text)
    ADC_DeInit                               0x08000295   Thumb Code    78  stm32f10x_adc.o(i.ADC_DeInit)
    ADC_GetCalibrationStatus                 0x080002f1   Thumb Code    20  stm32f10x_adc.o(i.ADC_GetCalibrationStatus)
    ADC_GetConversionValue                   0x08000305   Thumb Code     8  stm32f10x_adc.o(i.ADC_GetConversionValue)
    ADC_GetFlagStatus                        0x0800030d   Thumb Code    18  stm32f10x_adc.o(i.ADC_GetFlagStatus)
    ADC_GetResetCalibrationStatus            0x0800031f   Thumb Code    20  stm32f10x_adc.o(i.ADC_GetResetCalibrationStatus)
    ADC_Init                                 0x08000335   Thumb Code    70  stm32f10x_adc.o(i.ADC_Init)
    ADC_RegularChannelConfig                 0x08000385   Thumb Code   184  stm32f10x_adc.o(i.ADC_RegularChannelConfig)
    ADC_ResetCalibration                     0x0800043d   Thumb Code    10  stm32f10x_adc.o(i.ADC_ResetCalibration)
    ADC_SoftwareStartConvCmd                 0x08000447   Thumb Code    22  stm32f10x_adc.o(i.ADC_SoftwareStartConvCmd)
    ADC_StartCalibration                     0x0800045d   Thumb Code    10  stm32f10x_adc.o(i.ADC_StartCalibration)
    Adc_Init                                 0x08000469   Thumb Code   132  adc.o(i.Adc_Init)
    BusFault_Handler                         0x080004f5   Thumb Code     4  stm32f10x_it.o(i.BusFault_Handler)
    DMA_DeInit                               0x080004f9   Thumb Code   324  stm32f10x_dma.o(i.DMA_DeInit)
    DMA_Init                                 0x08000645   Thumb Code    60  stm32f10x_dma.o(i.DMA_Init)
    DMAx_SPI2_Init                           0x08000681   Thumb Code   152  spi2.o(i.DMAx_SPI2_Init)
    DebugMon_Handler                         0x08000721   Thumb Code     2  stm32f10x_it.o(i.DebugMon_Handler)
    GPIO_Init                                0x08000723   Thumb Code   278  stm32f10x_gpio.o(i.GPIO_Init)
    GPIO_ResetBits                           0x08000839   Thumb Code     4  stm32f10x_gpio.o(i.GPIO_ResetBits)
    GPIO_SetBits                             0x0800083d   Thumb Code     4  stm32f10x_gpio.o(i.GPIO_SetBits)
    Get_Adc                                  0x08000841   Thumb Code    46  adc.o(i.Get_Adc)
    Get_Adc_Average                          0x08000875   Thumb Code    46  adc.o(i.Get_Adc_Average)
    HardFault_Handler                        0x080008a3   Thumb Code     4  stm32f10x_it.o(i.HardFault_Handler)
    IIC_Init                                 0x080008a9   Thumb Code    46  myiic.o(i.IIC_Init)
    IIC_Send_Byte                            0x080008dd   Thumb Code   104  myiic.o(i.IIC_Send_Byte)
    IIC_Start                                0x08000951   Thumb Code    64  myiic.o(i.IIC_Start)
    IIC_Stop                                 0x0800099d   Thumb Code    62  myiic.o(i.IIC_Stop)
    IIC_Wait_Ack                             0x080009e9   Thumb Code    86  myiic.o(i.IIC_Wait_Ack)
    MemManage_Handler                        0x08000a4d   Thumb Code     4  stm32f10x_it.o(i.MemManage_Handler)
    My_GPIO_Init                             0x08000a51   Thumb Code   172  sys.o(i.My_GPIO_Init)
    NMI_Handler                              0x08000b01   Thumb Code     2  stm32f10x_it.o(i.NMI_Handler)
    NRF24L01_Check                           0x08000b05   Thumb Code    72  nrf24l01.o(i.NRF24L01_Check)
    NRF24L01_Clear_TxBuf                     0x08000b55   Thumb Code    22  nrf24l01.o(i.NRF24L01_Clear_TxBuf)
    NRF24L01_IO_Init                         0x08000b71   Thumb Code   164  nrf24l01.o(i.NRF24L01_IO_Init)
    NRF24L01_Init                            0x08000c25   Thumb Code    60  nrf24l01.o(i.NRF24L01_Init)
    NRF24L01_RX_Mode                         0x08000c69   Thumb Code    50  nrf24l01.o(i.NRF24L01_RX_Mode)
    NRF24L01_Read_Buf                        0x08000ca9   Thumb Code    56  nrf24l01.o(i.NRF24L01_Read_Buf)
    NRF24L01_Read_Reg                        0x08000ce5   Thumb Code    36  nrf24l01.o(i.NRF24L01_Read_Reg)
    NRF24L01_RxPacket                        0x08000d11   Thumb Code    58  nrf24l01.o(i.NRF24L01_RxPacket)
    NRF24L01_TX_Mode                         0x08000d4d   Thumb Code    60  nrf24l01.o(i.NRF24L01_TX_Mode)
    NRF24L01_TxPacket                        0x08000d95   Thumb Code    96  nrf24l01.o(i.NRF24L01_TxPacket)
    NRF24L01_Write_Buf                       0x08000dfd   Thumb Code    56  nrf24l01.o(i.NRF24L01_Write_Buf)
    NRF24L01_Write_Reg                       0x08000e39   Thumb Code    38  nrf24l01.o(i.NRF24L01_Write_Reg)
    OLED_Clear                               0x08000e69   Thumb Code    42  oled.o(i.OLED_Clear)
    OLED_DrawPoint                           0x08000e99   Thumb Code   100  oled.o(i.OLED_DrawPoint)
    OLED_Init                                0x08000f01   Thumb Code   224  oled.o(i.OLED_Init)
    OLED_Refresh_Gram                        0x08000fe1   Thumb Code    70  oled.o(i.OLED_Refresh_Gram)
    OLED_ShowChar                            0x0800102d   Thumb Code   254  oled.o(i.OLED_ShowChar)
    OLED_ShowNum                             0x08001139   Thumb Code   148  oled.o(i.OLED_ShowNum)
    OLED_ShowString                          0x080011cd   Thumb Code    94  oled.o(i.OLED_ShowString)
    OLED_WR_Byte                             0x0800122b   Thumb Code    24  myiic.o(i.OLED_WR_Byte)
    PendSV_Handler                           0x08001243   Thumb Code     2  stm32f10x_it.o(i.PendSV_Handler)
    RCC_AHBPeriphClockCmd                    0x08001245   Thumb Code    26  stm32f10x_rcc.o(i.RCC_AHBPeriphClockCmd)
    RCC_APB1PeriphClockCmd                   0x08001265   Thumb Code    26  stm32f10x_rcc.o(i.RCC_APB1PeriphClockCmd)
    RCC_APB2PeriphClockCmd                   0x08001285   Thumb Code    26  stm32f10x_rcc.o(i.RCC_APB2PeriphClockCmd)
    RCC_APB2PeriphResetCmd                   0x080012a5   Thumb Code    26  stm32f10x_rcc.o(i.RCC_APB2PeriphResetCmd)
    SPI2_Init                                0x080012c5   Thumb Code   156  spi2.o(i.SPI2_Init)
    SPI2_ReadWriteByte                       0x08001369   Thumb Code    78  spi2.o(i.SPI2_ReadWriteByte)
    SPI2_SetSpeed                            0x080013bd   Thumb Code    36  spi2.o(i.SPI2_SetSpeed)
    SPI_Cmd                                  0x080013e5   Thumb Code    24  stm32f10x_spi.o(i.SPI_Cmd)
    SPI_I2S_DMACmd                           0x080013fd   Thumb Code    18  stm32f10x_spi.o(i.SPI_I2S_DMACmd)
    SPI_I2S_GetFlagStatus                    0x0800140f   Thumb Code    18  stm32f10x_spi.o(i.SPI_I2S_GetFlagStatus)
    SPI_I2S_ReceiveData                      0x08001421   Thumb Code     6  stm32f10x_spi.o(i.SPI_I2S_ReceiveData)
    SPI_I2S_SendData                         0x08001427   Thumb Code     4  stm32f10x_spi.o(i.SPI_I2S_SendData)
    SPI_Init                                 0x0800142b   Thumb Code    60  stm32f10x_spi.o(i.SPI_Init)
    SPI_StructInit                           0x08001467   Thumb Code    24  stm32f10x_spi.o(i.SPI_StructInit)
    SVC_Handler                              0x0800147f   Thumb Code     2  stm32f10x_it.o(i.SVC_Handler)
    SysTick_CLKSourceConfig                  0x08001569   Thumb Code    40  misc.o(i.SysTick_CLKSourceConfig)
    SysTick_Handler                          0x08001591   Thumb Code     2  stm32f10x_it.o(i.SysTick_Handler)
    SystemInit                               0x08001595   Thumb Code    78  system_stm32f10x.o(i.SystemInit)
    TIM1_PWM_Init                            0x080015f5   Thumb Code   144  pwm.o(i.TIM1_PWM_Init)
    TIM2_PWM_Init                            0x0800168d   Thumb Code   146  pwm.o(i.TIM2_PWM_Init)
    TIM3_PWM_Init                            0x08001725   Thumb Code   142  pwm.o(i.TIM3_PWM_Init)
    TIM4_PWM_Init                            0x080017bd   Thumb Code   144  pwm.o(i.TIM4_PWM_Init)
    TIM_ARRPreloadConfig                     0x08001855   Thumb Code    24  stm32f10x_tim.o(i.TIM_ARRPreloadConfig)
    TIM_Cmd                                  0x0800186d   Thumb Code    24  stm32f10x_tim.o(i.TIM_Cmd)
    TIM_CtrlPWMOutputs                       0x08001885   Thumb Code    30  stm32f10x_tim.o(i.TIM_CtrlPWMOutputs)
    TIM_OC1Init                              0x080018a5   Thumb Code   132  stm32f10x_tim.o(i.TIM_OC1Init)
    TIM_OC1PreloadConfig                     0x0800193d   Thumb Code    18  stm32f10x_tim.o(i.TIM_OC1PreloadConfig)
    TIM_OC4Init                              0x08001951   Thumb Code   114  stm32f10x_tim.o(i.TIM_OC4Init)
    TIM_OC4PreloadConfig                     0x080019cd   Thumb Code    26  stm32f10x_tim.o(i.TIM_OC4PreloadConfig)
    TIM_SetCompare1                          0x080019e7   Thumb Code     4  stm32f10x_tim.o(i.TIM_SetCompare1)
    TIM_SetCompare4                          0x080019eb   Thumb Code     6  stm32f10x_tim.o(i.TIM_SetCompare4)
    TIM_TimeBaseInit                         0x080019f1   Thumb Code   122  stm32f10x_tim.o(i.TIM_TimeBaseInit)
    USART1_IRQHandler                        0x08001a95   Thumb Code   120  usart1.o(i.USART1_IRQHandler)
    USART1_RX_STA_SET                        0x08001b19   Thumb Code    74  usart1.o(i.USART1_RX_STA_SET)
    USART3_IRQHandler                        0x08001b6d   Thumb Code   124  uart3.o(i.USART3_IRQHandler)
    USART_ClearFlag                          0x08001bf5   Thumb Code    18  stm32f10x_usart.o(i.USART_ClearFlag)
    USART_GetFlagStatus                      0x08001c07   Thumb Code    26  stm32f10x_usart.o(i.USART_GetFlagStatus)
    USART_GetITStatus                        0x08001c21   Thumb Code    84  stm32f10x_usart.o(i.USART_GetITStatus)
    USART_ReceiveData                        0x08001c75   Thumb Code    10  stm32f10x_usart.o(i.USART_ReceiveData)
    UsageFault_Handler                       0x08001c7f   Thumb Code     4  stm32f10x_it.o(i.UsageFault_Handler)
    Write_IIC_Command                        0x08001c83   Thumb Code    44  myiic.o(i.Write_IIC_Command)
    Write_IIC_Data                           0x08001caf   Thumb Code    44  myiic.o(i.Write_IIC_Data)
    circle                                   0x08001cdd   Thumb Code   324  main.o(i.circle)
    deal                                     0x08001e49   Thumb Code   420  main.o(i.deal)
    delay_init                               0x08002005   Thumb Code    38  delay.o(i.delay_init)
    delay_ms                                 0x0800203d   Thumb Code   194  delay.o(i.delay_ms)
    delay_us                                 0x08002105   Thumb Code    76  delay.o(i.delay_us)
    fresh_oled                               0x08002155   Thumb Code   132  main.o(i.fresh_oled)
    key_init                                 0x08002209   Thumb Code    40  key.o(i.key_init)
    main                                     0x08002235   Thumb Code   276  main.o(i.main)
    mem_init                                 0x08002355   Thumb Code    38  malloc.o(i.mem_init)
    mem_malloc                               0x08002381   Thumb Code   116  malloc.o(i.mem_malloc)
    mem_perused                              0x080023f9   Thumb Code    42  malloc.o(i.mem_perused)
    mode0                                    0x08002429   Thumb Code    28  main.o(i.mode0)
    mode1                                    0x08002449   Thumb Code   424  main.o(i.mode1)
    mymalloc                                 0x08002615   Thumb Code    28  malloc.o(i.mymalloc)
    mymemset                                 0x08002635   Thumb Code    20  malloc.o(i.mymemset)
    mypow                                    0x08002649   Thumb Code    22  oled.o(i.mypow)
    power                                    0x0800265f   Thumb Code    20  sys.o(i.power)
    send                                     0x08002675   Thumb Code    60  main.o(i.send)
    __aeabi_dadd                             0x080026c9   Thumb Code     0  daddsub_clz.o(x$fpl$dadd)
    _dadd                                    0x080026c9   Thumb Code   332  daddsub_clz.o(x$fpl$dadd)
    __aeabi_ddiv                             0x08002819   Thumb Code     0  ddiv.o(x$fpl$ddiv)
    _ddiv                                    0x08002819   Thumb Code   552  ddiv.o(x$fpl$ddiv)
    __aeabi_d2uiz                            0x08002ac9   Thumb Code     0  dfixu.o(x$fpl$dfixu)
    _dfixu                                   0x08002ac9   Thumb Code    90  dfixu.o(x$fpl$dfixu)
    __aeabi_ui2d                             0x08002b23   Thumb Code     0  dflt_clz.o(x$fpl$dfltu)
    _dfltu                                   0x08002b23   Thumb Code    38  dflt_clz.o(x$fpl$dfltu)
    __aeabi_dmul                             0x08002b49   Thumb Code     0  dmul.o(x$fpl$dmul)
    _dmul                                    0x08002b49   Thumb Code   332  dmul.o(x$fpl$dmul)
    __fpl_dnaninf                            0x08002c9d   Thumb Code   156  dnaninf.o(x$fpl$dnaninf)
    __fpl_dretinf                            0x08002d39   Thumb Code    12  dretinf.o(x$fpl$dretinf)
    __aeabi_dsub                             0x08002d45   Thumb Code     0  daddsub_clz.o(x$fpl$dsub)
    _dsub                                    0x08002d45   Thumb Code   464  daddsub_clz.o(x$fpl$dsub)
    __I$use$fp                               0x08002f18   Number         0  usenofp.o(x$fpl$usenofp)
    asc2_1206                                0x08002f18   Data        1140  oled.o(.constdata)
    asc2_1608                                0x0800338c   Data        1520  oled.o(.constdata)
    asc2_2412                                0x0800397c   Data        3420  oled.o(.constdata)
    F6x8                                     0x080046d8   Data         552  oled.o(.constdata)
    F8X16                                    0x08004900   Data        1520  oled.o(.constdata)
    Region$$Table$$Base                      0x08004ef0   Number         0  anon$$obj.o(Region$$Table)
    Region$$Table$$Limit                     0x08004f10   Number         0  anon$$obj.o(Region$$Table)
    rem                                      0x20000000   Data           4  main.o(.data)
    one                                      0x20000004   Data           1  main.o(.data)
    two                                      0x20000005   Data           1  main.o(.data)
    three                                    0x20000006   Data           1  main.o(.data)
    four                                     0x20000007   Data           1  main.o(.data)
    len                                      0x20000008   Data           1  main.o(.data)
    mode                                     0x20000009   Data           1  main.o(.data)
    step                                     0x2000000a   Data           1  main.o(.data)
    SystemCoreClock                          0x2000000c   Data           4  system_stm32f10x.o(.data)
    AHBPrescTable                            0x20000010   Data          16  system_stm32f10x.o(.data)
    USART3_RX_STA                            0x20000028   Data           2  uart3.o(.data)
    TX_ADDRESS                               0x20000030   Data           5  nrf24l01.o(.data)
    RX_ADDRESS                               0x20000035   Data           5  nrf24l01.o(.data)
    NRF24L01_TX_FLAG                         0x2000003a   Data           1  nrf24l01.o(.data)
    NRF24L01_RX_FLAG                         0x2000003b   Data           1  nrf24l01.o(.data)
    USART1_RX_STA                            0x2000003c   Data           2  usart1.o(.data)
    mallco_dev                               0x20000040   Data          20  malloc.o(.data)
    USART3_RX_BUF                            0x20000054   Data         800  uart3.o(.bss)
    TxBuf                                    0x2000043c   Data          32  nrf24l01.o(.bss)
    RxBuf                                    0x2000045c   Data          32  nrf24l01.o(.bss)
    USART1_TX_BUF                            0x2000047c   Data         300  usart1.o(.bss)
    USART1_RX_BUF                            0x200005a8   Data         300  usart1.o(.bss)
    OLED_GRAM                                0x200006d4   Data        1024  oled.o(.bss)
    membase                                  0x20000ad4   Data       10240  malloc.o(.bss)
    memmapbase                               0x200032d4   Data         640  malloc.o(.bss)
    __libspace_start                         0x20003554   Data          96  libspace.o(.bss)
    __temporary_stack_top$libspace           0x200035b4   Data           0  libspace.o(.bss)



==============================================================================

Memory Map of the image

  Image Entry point : 0x080001cd

  Load Region LR_1 (Base: 0x08000000, Size: 0x00004f64, Max: 0xffffffff, ABSOLUTE)

    Execution Region ER_RO (Exec base: 0x08000000, Load base: 0x08000000, Size: 0x00004f10, Max: 0xffffffff, ABSOLUTE)

    Exec Addr    Load Addr    Size         Type   Attr      Idx    E Section Name        Object

    0x08000000   0x08000000   0x00000130   Data   RO          976    RESET               startup_stm32f10x_hd.o
    0x08000130   0x08000130   0x00000008   Code   RO         3958  * !!!main             c_w.l(__main.o)
    0x08000138   0x08000138   0x00000034   Code   RO         4297    !!!scatter          c_w.l(__scatter.o)
    0x0800016c   0x0800016c   0x0000001a   Code   RO         4299    !!handler_copy      c_w.l(__scatter_copy.o)
    0x08000186   0x08000186   0x00000002   PAD
    0x08000188   0x08000188   0x0000001c   Code   RO         4301    !!handler_zi        c_w.l(__scatter_zi.o)
    0x080001a4   0x080001a4   0x00000002   Code   RO         4159    .ARM.Collect$$libinit$$00000000  c_w.l(libinit.o)
    0x080001a6   0x080001a6   0x00000000   Code   RO         4175    .ARM.Collect$$libinit$$00000002  c_w.l(libinit2.o)
    0x080001a6   0x080001a6   0x00000000   Code   RO         4177    .ARM.Collect$$libinit$$00000004  c_w.l(libinit2.o)
    0x080001a6   0x080001a6   0x00000000   Code   RO         4180    .ARM.Collect$$libinit$$0000000A  c_w.l(libinit2.o)
    0x080001a6   0x080001a6   0x00000000   Code   RO         4182    .ARM.Collect$$libinit$$0000000C  c_w.l(libinit2.o)
    0x080001a6   0x080001a6   0x00000000   Code   RO         4184    .ARM.Collect$$libinit$$0000000E  c_w.l(libinit2.o)
    0x080001a6   0x080001a6   0x00000000   Code   RO         4187    .ARM.Collect$$libinit$$00000011  c_w.l(libinit2.o)
    0x080001a6   0x080001a6   0x00000000   Code   RO         4189    .ARM.Collect$$libinit$$00000013  c_w.l(libinit2.o)
    0x080001a6   0x080001a6   0x00000000   Code   RO         4191    .ARM.Collect$$libinit$$00000015  c_w.l(libinit2.o)
    0x080001a6   0x080001a6   0x00000000   Code   RO         4193    .ARM.Collect$$libinit$$00000017  c_w.l(libinit2.o)
    0x080001a6   0x080001a6   0x00000000   Code   RO         4195    .ARM.Collect$$libinit$$00000019  c_w.l(libinit2.o)
    0x080001a6   0x080001a6   0x00000000   Code   RO         4197    .ARM.Collect$$libinit$$0000001B  c_w.l(libinit2.o)
    0x080001a6   0x080001a6   0x00000000   Code   RO         4199    .ARM.Collect$$libinit$$0000001D  c_w.l(libinit2.o)
    0x080001a6   0x080001a6   0x00000000   Code   RO         4201    .ARM.Collect$$libinit$$0000001F  c_w.l(libinit2.o)
    0x080001a6   0x080001a6   0x00000000   Code   RO         4203    .ARM.Collect$$libinit$$00000021  c_w.l(libinit2.o)
    0x080001a6   0x080001a6   0x00000000   Code   RO         4205    .ARM.Collect$$libinit$$00000023  c_w.l(libinit2.o)
    0x080001a6   0x080001a6   0x00000000   Code   RO         4207    .ARM.Collect$$libinit$$00000025  c_w.l(libinit2.o)
    0x080001a6   0x080001a6   0x00000000   Code   RO         4211    .ARM.Collect$$libinit$$0000002C  c_w.l(libinit2.o)
    0x080001a6   0x080001a6   0x00000000   Code   RO         4213    .ARM.Collect$$libinit$$0000002E  c_w.l(libinit2.o)
    0x080001a6   0x080001a6   0x00000000   Code   RO         4215    .ARM.Collect$$libinit$$00000030  c_w.l(libinit2.o)
    0x080001a6   0x080001a6   0x00000000   Code   RO         4217    .ARM.Collect$$libinit$$00000032  c_w.l(libinit2.o)
    0x080001a6   0x080001a6   0x00000002   Code   RO         4218    .ARM.Collect$$libinit$$00000033  c_w.l(libinit2.o)
    0x080001a8   0x080001a8   0x00000002   Code   RO         4238    .ARM.Collect$$libshutdown$$00000000  c_w.l(libshutdown.o)
    0x080001aa   0x080001aa   0x00000000   Code   RO         4252    .ARM.Collect$$libshutdown$$00000003  c_w.l(libshutdown2.o)
    0x080001aa   0x080001aa   0x00000000   Code   RO         4255    .ARM.Collect$$libshutdown$$00000006  c_w.l(libshutdown2.o)
    0x080001aa   0x080001aa   0x00000000   Code   RO         4258    .ARM.Collect$$libshutdown$$00000009  c_w.l(libshutdown2.o)
    0x080001aa   0x080001aa   0x00000000   Code   RO         4260    .ARM.Collect$$libshutdown$$0000000B  c_w.l(libshutdown2.o)
    0x080001aa   0x080001aa   0x00000000   Code   RO         4263    .ARM.Collect$$libshutdown$$0000000E  c_w.l(libshutdown2.o)
    0x080001aa   0x080001aa   0x00000002   Code   RO         4264    .ARM.Collect$$libshutdown$$0000000F  c_w.l(libshutdown2.o)
    0x080001ac   0x080001ac   0x00000000   Code   RO         3982    .ARM.Collect$$rtentry$$00000000  c_w.l(__rtentry.o)
    0x080001ac   0x080001ac   0x00000000   Code   RO         4084    .ARM.Collect$$rtentry$$00000002  c_w.l(__rtentry2.o)
    0x080001ac   0x080001ac   0x00000006   Code   RO         4096    .ARM.Collect$$rtentry$$00000004  c_w.l(__rtentry4.o)
    0x080001b2   0x080001b2   0x00000000   Code   RO         4086    .ARM.Collect$$rtentry$$00000009  c_w.l(__rtentry2.o)
    0x080001b2   0x080001b2   0x00000004   Code   RO         4087    .ARM.Collect$$rtentry$$0000000A  c_w.l(__rtentry2.o)
    0x080001b6   0x080001b6   0x00000000   Code   RO         4089    .ARM.Collect$$rtentry$$0000000C  c_w.l(__rtentry2.o)
    0x080001b6   0x080001b6   0x00000008   Code   RO         4090    .ARM.Collect$$rtentry$$0000000D  c_w.l(__rtentry2.o)
    0x080001be   0x080001be   0x00000002   Code   RO         4167    .ARM.Collect$$rtexit$$00000000  c_w.l(rtexit.o)
    0x080001c0   0x080001c0   0x00000000   Code   RO         4220    .ARM.Collect$$rtexit$$00000002  c_w.l(rtexit2.o)
    0x080001c0   0x080001c0   0x00000004   Code   RO         4221    .ARM.Collect$$rtexit$$00000003  c_w.l(rtexit2.o)
    0x080001c4   0x080001c4   0x00000006   Code   RO         4222    .ARM.Collect$$rtexit$$00000004  c_w.l(rtexit2.o)
    0x080001ca   0x080001ca   0x00000002   PAD
    0x080001cc   0x080001cc   0x00000040   Code   RO          977  * .text               startup_stm32f10x_hd.o
    0x0800020c   0x0800020c   0x00000006   Code   RO         3956    .text               c_w.l(heapauxi.o)
    0x08000212   0x08000212   0x0000004a   Code   RO         4113    .text               c_w.l(sys_stackheap_outer.o)
    0x0800025c   0x0800025c   0x0000000c   Code   RO         4152    .text               c_w.l(exit.o)
    0x08000268   0x08000268   0x00000008   Code   RO         4164    .text               c_w.l(libspace.o)
    0x08000270   0x08000270   0x0000000c   Code   RO         4230    .text               c_w.l(sys_exit.o)
    0x0800027c   0x0800027c   0x00000002   Code   RO         4241    .text               c_w.l(use_no_semi.o)
    0x0800027e   0x0800027e   0x00000000   Code   RO         4243    .text               c_w.l(indicate_semi.o)
    0x0800027e   0x0800027e   0x00000016   Code   RO         2107    i.ADC_Cmd           stm32f10x_adc.o
    0x08000294   0x08000294   0x0000005c   Code   RO         2109    i.ADC_DeInit        stm32f10x_adc.o
    0x080002f0   0x080002f0   0x00000014   Code   RO         2115    i.ADC_GetCalibrationStatus  stm32f10x_adc.o
    0x08000304   0x08000304   0x00000008   Code   RO         2116    i.ADC_GetConversionValue  stm32f10x_adc.o
    0x0800030c   0x0800030c   0x00000012   Code   RO         2118    i.ADC_GetFlagStatus  stm32f10x_adc.o
    0x0800031e   0x0800031e   0x00000014   Code   RO         2121    i.ADC_GetResetCalibrationStatus  stm32f10x_adc.o
    0x08000332   0x08000332   0x00000002   PAD
    0x08000334   0x08000334   0x00000050   Code   RO         2125    i.ADC_Init          stm32f10x_adc.o
    0x08000384   0x08000384   0x000000b8   Code   RO         2129    i.ADC_RegularChannelConfig  stm32f10x_adc.o
    0x0800043c   0x0800043c   0x0000000a   Code   RO         2130    i.ADC_ResetCalibration  stm32f10x_adc.o
    0x08000446   0x08000446   0x00000016   Code   RO         2132    i.ADC_SoftwareStartConvCmd  stm32f10x_adc.o
    0x0800045c   0x0800045c   0x0000000a   Code   RO         2134    i.ADC_StartCalibration  stm32f10x_adc.o
    0x08000466   0x08000466   0x00000002   PAD
    0x08000468   0x08000468   0x0000008c   Code   RO          872    i.Adc_Init          adc.o
    0x080004f4   0x080004f4   0x00000004   Code   RO          180    i.BusFault_Handler  stm32f10x_it.o
    0x080004f8   0x080004f8   0x0000014c   Code   RO         2793    i.DMA_DeInit        stm32f10x_dma.o
    0x08000644   0x08000644   0x0000003c   Code   RO         2798    i.DMA_Init          stm32f10x_dma.o
    0x08000680   0x08000680   0x000000a0   Code   RO          599    i.DMAx_SPI2_Init    spi2.o
    0x08000720   0x08000720   0x00000002   Code   RO          181    i.DebugMon_Handler  stm32f10x_it.o
    0x08000722   0x08000722   0x00000116   Code   RO         1023    i.GPIO_Init         stm32f10x_gpio.o
    0x08000838   0x08000838   0x00000004   Code   RO         1030    i.GPIO_ResetBits    stm32f10x_gpio.o
    0x0800083c   0x0800083c   0x00000004   Code   RO         1031    i.GPIO_SetBits      stm32f10x_gpio.o
    0x08000840   0x08000840   0x00000034   Code   RO          873    i.Get_Adc           adc.o
    0x08000874   0x08000874   0x0000002e   Code   RO          874    i.Get_Adc_Average   adc.o
    0x080008a2   0x080008a2   0x00000004   Code   RO          182    i.HardFault_Handler  stm32f10x_it.o
    0x080008a6   0x080008a6   0x00000002   PAD
    0x080008a8   0x080008a8   0x00000034   Code   RO          685    i.IIC_Init          myiic.o
    0x080008dc   0x080008dc   0x00000074   Code   RO          688    i.IIC_Send_Byte     myiic.o
    0x08000950   0x08000950   0x0000004c   Code   RO          689    i.IIC_Start         myiic.o
    0x0800099c   0x0800099c   0x0000004c   Code   RO          690    i.IIC_Stop          myiic.o
    0x080009e8   0x080009e8   0x00000064   Code   RO          691    i.IIC_Wait_Ack      myiic.o
    0x08000a4c   0x08000a4c   0x00000004   Code   RO          183    i.MemManage_Handler  stm32f10x_it.o
    0x08000a50   0x08000a50   0x000000b0   Code   RO          332    i.My_GPIO_Init      sys.o
    0x08000b00   0x08000b00   0x00000002   Code   RO          184    i.NMI_Handler       stm32f10x_it.o
    0x08000b02   0x08000b02   0x00000002   PAD
    0x08000b04   0x08000b04   0x00000050   Code   RO          453    i.NRF24L01_Check    nrf24l01.o
    0x08000b54   0x08000b54   0x0000001c   Code   RO          455    i.NRF24L01_Clear_TxBuf  nrf24l01.o
    0x08000b70   0x08000b70   0x000000b4   Code   RO          456    i.NRF24L01_IO_Init  nrf24l01.o
    0x08000c24   0x08000c24   0x00000044   Code   RO          457    i.NRF24L01_Init     nrf24l01.o
    0x08000c68   0x08000c68   0x00000040   Code   RO          458    i.NRF24L01_RX_Mode  nrf24l01.o
    0x08000ca8   0x08000ca8   0x0000003c   Code   RO          459    i.NRF24L01_Read_Buf  nrf24l01.o
    0x08000ce4   0x08000ce4   0x0000002c   Code   RO          460    i.NRF24L01_Read_Reg  nrf24l01.o
    0x08000d10   0x08000d10   0x0000003a   Code   RO          461    i.NRF24L01_RxPacket  nrf24l01.o
    0x08000d4a   0x08000d4a   0x00000002   PAD
    0x08000d4c   0x08000d4c   0x00000048   Code   RO          462    i.NRF24L01_TX_Mode  nrf24l01.o
    0x08000d94   0x08000d94   0x00000068   Code   RO          464    i.NRF24L01_TxPacket  nrf24l01.o
    0x08000dfc   0x08000dfc   0x0000003c   Code   RO          465    i.NRF24L01_Write_Buf  nrf24l01.o
    0x08000e38   0x08000e38   0x00000030   Code   RO          466    i.NRF24L01_Write_Reg  nrf24l01.o
    0x08000e68   0x08000e68   0x00000030   Code   RO          759    i.OLED_Clear        oled.o
    0x08000e98   0x08000e98   0x00000068   Code   RO          763    i.OLED_DrawPoint    oled.o
    0x08000f00   0x08000f00   0x000000e0   Code   RO          765    i.OLED_Init         oled.o
    0x08000fe0   0x08000fe0   0x0000004c   Code   RO          766    i.OLED_Refresh_Gram  oled.o
    0x0800102c   0x0800102c   0x0000010c   Code   RO          768    i.OLED_ShowChar     oled.o
    0x08001138   0x08001138   0x00000094   Code   RO          769    i.OLED_ShowNum      oled.o
    0x080011cc   0x080011cc   0x0000005e   Code   RO          770    i.OLED_ShowString   oled.o
    0x0800122a   0x0800122a   0x00000018   Code   RO          692    i.OLED_WR_Byte      myiic.o
    0x08001242   0x08001242   0x00000002   Code   RO          185    i.PendSV_Handler    stm32f10x_it.o
    0x08001244   0x08001244   0x00000020   Code   RO         1680    i.RCC_AHBPeriphClockCmd  stm32f10x_rcc.o
    0x08001264   0x08001264   0x00000020   Code   RO         1681    i.RCC_APB1PeriphClockCmd  stm32f10x_rcc.o
    0x08001284   0x08001284   0x00000020   Code   RO         1683    i.RCC_APB2PeriphClockCmd  stm32f10x_rcc.o
    0x080012a4   0x080012a4   0x00000020   Code   RO         1684    i.RCC_APB2PeriphResetCmd  stm32f10x_rcc.o
    0x080012c4   0x080012c4   0x000000a4   Code   RO          602    i.SPI2_Init         spi2.o
    0x08001368   0x08001368   0x00000054   Code   RO          603    i.SPI2_ReadWriteByte  spi2.o
    0x080013bc   0x080013bc   0x00000028   Code   RO          604    i.SPI2_SetSpeed     spi2.o
    0x080013e4   0x080013e4   0x00000018   Code   RO         3755    i.SPI_Cmd           stm32f10x_spi.o
    0x080013fc   0x080013fc   0x00000012   Code   RO         3761    i.SPI_I2S_DMACmd    stm32f10x_spi.o
    0x0800140e   0x0800140e   0x00000012   Code   RO         3763    i.SPI_I2S_GetFlagStatus  stm32f10x_spi.o
    0x08001420   0x08001420   0x00000006   Code   RO         3766    i.SPI_I2S_ReceiveData  stm32f10x_spi.o
    0x08001426   0x08001426   0x00000004   Code   RO         3767    i.SPI_I2S_SendData  stm32f10x_spi.o
    0x0800142a   0x0800142a   0x0000003c   Code   RO         3768    i.SPI_Init          stm32f10x_spi.o
    0x08001466   0x08001466   0x00000018   Code   RO         3771    i.SPI_StructInit    stm32f10x_spi.o
    0x0800147e   0x0800147e   0x00000002   Code   RO          186    i.SVC_Handler       stm32f10x_it.o
    0x08001480   0x08001480   0x00000008   Code   RO          243    i.SetSysClock       system_stm32f10x.o
    0x08001488   0x08001488   0x000000e0   Code   RO          244    i.SetSysClockTo72   system_stm32f10x.o
    0x08001568   0x08001568   0x00000028   Code   RO          985    i.SysTick_CLKSourceConfig  misc.o
    0x08001590   0x08001590   0x00000002   Code   RO          187    i.SysTick_Handler   stm32f10x_it.o
    0x08001592   0x08001592   0x00000002   PAD
    0x08001594   0x08001594   0x00000060   Code   RO          246    i.SystemInit        system_stm32f10x.o
    0x080015f4   0x080015f4   0x00000098   Code   RO          423    i.TIM1_PWM_Init     pwm.o
    0x0800168c   0x0800168c   0x00000098   Code   RO          424    i.TIM2_PWM_Init     pwm.o
    0x08001724   0x08001724   0x00000098   Code   RO          425    i.TIM3_PWM_Init     pwm.o
    0x080017bc   0x080017bc   0x00000098   Code   RO          426    i.TIM4_PWM_Init     pwm.o
    0x08001854   0x08001854   0x00000018   Code   RO         1135    i.TIM_ARRPreloadConfig  stm32f10x_tim.o
    0x0800186c   0x0800186c   0x00000018   Code   RO         1147    i.TIM_Cmd           stm32f10x_tim.o
    0x08001884   0x08001884   0x0000001e   Code   RO         1149    i.TIM_CtrlPWMOutputs  stm32f10x_tim.o
    0x080018a2   0x080018a2   0x00000002   PAD
    0x080018a4   0x080018a4   0x00000098   Code   RO         1176    i.TIM_OC1Init       stm32f10x_tim.o
    0x0800193c   0x0800193c   0x00000012   Code   RO         1179    i.TIM_OC1PreloadConfig  stm32f10x_tim.o
    0x0800194e   0x0800194e   0x00000002   PAD
    0x08001950   0x08001950   0x0000007c   Code   RO         1191    i.TIM_OC4Init       stm32f10x_tim.o
    0x080019cc   0x080019cc   0x0000001a   Code   RO         1193    i.TIM_OC4PreloadConfig  stm32f10x_tim.o
    0x080019e6   0x080019e6   0x00000004   Code   RO         1208    i.TIM_SetCompare1   stm32f10x_tim.o
    0x080019ea   0x080019ea   0x00000006   Code   RO         1211    i.TIM_SetCompare4   stm32f10x_tim.o
    0x080019f0   0x080019f0   0x000000a4   Code   RO         1218    i.TIM_TimeBaseInit  stm32f10x_tim.o
    0x08001a94   0x08001a94   0x00000084   Code   RO          641    i.USART1_IRQHandler  usart1.o
    0x08001b18   0x08001b18   0x00000054   Code   RO          643    i.USART1_RX_STA_SET  usart1.o
    0x08001b6c   0x08001b6c   0x00000088   Code   RO          376    i.USART3_IRQHandler  uart3.o
    0x08001bf4   0x08001bf4   0x00000012   Code   RO         1879    i.USART_ClearFlag   stm32f10x_usart.o
    0x08001c06   0x08001c06   0x0000001a   Code   RO         1886    i.USART_GetFlagStatus  stm32f10x_usart.o
    0x08001c20   0x08001c20   0x00000054   Code   RO         1887    i.USART_GetITStatus  stm32f10x_usart.o
    0x08001c74   0x08001c74   0x0000000a   Code   RO         1897    i.USART_ReceiveData  stm32f10x_usart.o
    0x08001c7e   0x08001c7e   0x00000004   Code   RO          188    i.UsageFault_Handler  stm32f10x_it.o
    0x08001c82   0x08001c82   0x0000002c   Code   RO          693    i.Write_IIC_Command  myiic.o
    0x08001cae   0x08001cae   0x0000002c   Code   RO          694    i.Write_IIC_Data    myiic.o
    0x08001cda   0x08001cda   0x00000002   PAD
    0x08001cdc   0x08001cdc   0x0000016c   Code   RO            1    i.circle            main.o
    0x08001e48   0x08001e48   0x000001bc   Code   RO            2    i.deal              main.o
    0x08002004   0x08002004   0x00000038   Code   RO          277    i.delay_init        delay.o
    0x0800203c   0x0800203c   0x000000c8   Code   RO          278    i.delay_ms          delay.o
    0x08002104   0x08002104   0x00000050   Code   RO          279    i.delay_us          delay.o
    0x08002154   0x08002154   0x000000b4   Code   RO            3    i.fresh_oled        main.o
    0x08002208   0x08002208   0x0000002c   Code   RO          860    i.key_init          key.o
    0x08002234   0x08002234   0x00000120   Code   RO            4    i.main              main.o
    0x08002354   0x08002354   0x0000002c   Code   RO          897    i.mem_init          malloc.o
    0x08002380   0x08002380   0x00000078   Code   RO          898    i.mem_malloc        malloc.o
    0x080023f8   0x080023f8   0x00000030   Code   RO          899    i.mem_perused       malloc.o
    0x08002428   0x08002428   0x00000020   Code   RO            5    i.mode0             main.o
    0x08002448   0x08002448   0x000001cc   Code   RO            6    i.mode1             main.o
    0x08002614   0x08002614   0x00000020   Code   RO          901    i.mymalloc          malloc.o
    0x08002634   0x08002634   0x00000014   Code   RO          903    i.mymemset          malloc.o
    0x08002648   0x08002648   0x00000016   Code   RO          772    i.mypow             oled.o
    0x0800265e   0x0800265e   0x00000014   Code   RO          335    i.power             sys.o
    0x08002672   0x08002672   0x00000002   PAD
    0x08002674   0x08002674   0x00000054   Code   RO            7    i.send              main.o
    0x080026c8   0x080026c8   0x00000150   Code   RO         3960    x$fpl$dadd          fz_ws.l(daddsub_clz.o)
    0x08002818   0x08002818   0x000002b0   Code   RO         3967    x$fpl$ddiv          fz_ws.l(ddiv.o)
    0x08002ac8   0x08002ac8   0x0000005a   Code   RO         3970    x$fpl$dfixu         fz_ws.l(dfixu.o)
    0x08002b22   0x08002b22   0x00000026   Code   RO         3974    x$fpl$dfltu         fz_ws.l(dflt_clz.o)
    0x08002b48   0x08002b48   0x00000154   Code   RO         3980    x$fpl$dmul          fz_ws.l(dmul.o)
    0x08002c9c   0x08002c9c   0x0000009c   Code   RO         4076    x$fpl$dnaninf       fz_ws.l(dnaninf.o)
    0x08002d38   0x08002d38   0x0000000c   Code   RO         4078    x$fpl$dretinf       fz_ws.l(dretinf.o)
    0x08002d44   0x08002d44   0x000001d4   Code   RO         3962    x$fpl$dsub          fz_ws.l(daddsub_clz.o)
    0x08002f18   0x08002f18   0x00000000   Code   RO         4082    x$fpl$usenofp       fz_ws.l(usenofp.o)
    0x08002f18   0x08002f18   0x00001fd8   Data   RO          774    .constdata          oled.o
    0x08004ef0   0x08004ef0   0x00000020   Data   RO         4295    Region$$Table       anon$$obj.o


    Execution Region ER_RW (Exec base: 0x20000000, Load base: 0x08004f10, Size: 0x00000054, Max: 0xffffffff, ABSOLUTE)

    Exec Addr    Load Addr    Size         Type   Attr      Idx    E Section Name        Object

    0x20000000   0x08004f10   0x0000000b   Data   RW            8    .data               main.o
    0x2000000b   0x08004f1b   0x00000001   PAD
    0x2000000c   0x08004f1c   0x00000014   Data   RW          247    .data               system_stm32f10x.o
    0x20000020   0x08004f30   0x00000008   Data   RW          280    .data               delay.o
    0x20000028   0x08004f38   0x00000008   Data   RW          381    .data               uart3.o
    0x20000030   0x08004f40   0x0000000c   Data   RW          468    .data               nrf24l01.o
    0x2000003c   0x08004f4c   0x00000002   Data   RW          647    .data               usart1.o
    0x2000003e   0x08004f4e   0x00000002   PAD
    0x20000040   0x08004f50   0x00000014   Data   RW          907    .data               malloc.o


    Execution Region ER_ZI (Exec base: 0x20000054, Load base: 0x08004f64, Size: 0x00003b64, Max: 0xffffffff, ABSOLUTE)

    Exec Addr    Load Addr    Size         Type   Attr      Idx    E Section Name        Object

    0x20000054        -       0x000003e8   Zero   RW          380    .bss                uart3.o
    0x2000043c        -       0x00000040   Zero   RW          467    .bss                nrf24l01.o
    0x2000047c        -       0x00000258   Zero   RW          646    .bss                usart1.o
    0x200006d4        -       0x00000400   Zero   RW          773    .bss                oled.o
    0x20000ad4        -       0x00002a80   Zero   RW          905    .bss                malloc.o
    0x20003554        -       0x00000060   Zero   RW         4165    .bss                c_w.l(libspace.o)
    0x200035b4   0x08004f64   0x00000004   PAD
    0x200035b8        -       0x00000200   Zero   RW          975    HEAP                startup_stm32f10x_hd.o
    0x200037b8        -       0x00000400   Zero   RW          974    STACK               startup_stm32f10x_hd.o


==============================================================================

Image component sizes


      Code (inc. data)   RO Data    RW Data    ZI Data      Debug   Object Name

       238         14          0          0          0       1807   adc.o
       336         28          0          8          0     212771   delay.o
        44          4          0          0          0        503   key.o
      1852        188          0         11          0     264622   main.o
       264         20          0         20      10880       4478   malloc.o
        40          0          0          0          0        546   misc.o
       532         58          0          0          0       4481   myiic.o
       866         98          0         12         64       8413   nrf24l01.o
       984         30       8152          0       1024       6984   oled.o
       608         32          0          0          0       2964   pwm.o
       448         26          0          0          0       2538   spi2.o
        64         26        304          0       1536        816   startup_stm32f10x_hd.o
       486         24          0          0          0       8782   stm32f10x_adc.o
       392          8          0          0          0       2948   stm32f10x_dma.o
       286          0          0          0          0       3116   stm32f10x_gpio.o
        26          0          0          0          0       3910   stm32f10x_it.o
       128         24          0          0          0       2371   stm32f10x_rcc.o
       154          0          0          0          0       5104   stm32f10x_spi.o
       572         72          0          0          0       6771   stm32f10x_tim.o
       138          0          0          0          0       4004   stm32f10x_usart.o
       196          4          0          0          0       1759   sys.o
       328         28          0         20          0       2197   system_stm32f10x.o
       136         12          0          8       1000       1835   uart3.o
       216         22          0          2        600       1872   usart1.o

    ----------------------------------------------------------------------
      9354        718       8488         84      15104     555592   Object Totals
         0          0         32          0          0          0   (incl. Generated)
        20          0          0          3          0          0   (incl. Padding)

    ----------------------------------------------------------------------

      Code (inc. data)   RO Data    RW Data    ZI Data      Debug   Library Member Name

         8          0          0          0          0         68   __main.o
         0          0          0          0          0          0   __rtentry.o
        12          0          0          0          0          0   __rtentry2.o
         6          0          0          0          0          0   __rtentry4.o
        52          8          0          0          0          0   __scatter.o
        26          0          0          0          0          0   __scatter_copy.o
        28          0          0          0          0          0   __scatter_zi.o
        12          0          0          0          0         72   exit.o
         6          0          0          0          0        152   heapauxi.o
         0          0          0          0          0          0   indicate_semi.o
         2          0          0          0          0          0   libinit.o
         2          0          0          0          0          0   libinit2.o
         2          0          0          0          0          0   libshutdown.o
         2          0          0          0          0          0   libshutdown2.o
         8          4          0          0         96         68   libspace.o
         2          0          0          0          0          0   rtexit.o
        10          0          0          0          0          0   rtexit2.o
        12          4          0          0          0         68   sys_exit.o
        74          0          0          0          0         80   sys_stackheap_outer.o
         2          0          0          0          0         68   use_no_semi.o
       804         16          0          0          0        272   daddsub_clz.o
       688        140          0          0          0        208   ddiv.o
        90          4          0          0          0         92   dfixu.o
        38          0          0          0          0         68   dflt_clz.o
       340         12          0          0          0        104   dmul.o
       156          4          0          0          0         92   dnaninf.o
        12          0          0          0          0         68   dretinf.o
         0          0          0          0          0          0   usenofp.o

    ----------------------------------------------------------------------
      2398        192          0          0        100       1480   Library Totals
         4          0          0          0          4          0   (incl. Padding)

    ----------------------------------------------------------------------

      Code (inc. data)   RO Data    RW Data    ZI Data      Debug   Library Name

       266         16          0          0         96        576   c_w.l
      2128        176          0          0          0        904   fz_ws.l

    ----------------------------------------------------------------------
      2398        192          0          0        100       1480   Library Totals

    ----------------------------------------------------------------------

==============================================================================


      Code (inc. data)   RO Data    RW Data    ZI Data      Debug   

     11752        910       8488         84      15204     550776   Grand Totals
     11752        910       8488         84      15204     550776   ELF Image Totals
     11752        910       8488         84          0          0   ROM Totals

==============================================================================

    Total RO  Size (Code + RO Data)                20240 (  19.77kB)
    Total RW  Size (RW Data + ZI Data)             15288 (  14.93kB)
    Total ROM Size (Code + RO Data + RW Data)      20324 (  19.85kB)

==============================================================================

