<html>
<body>
<pre>
<h1>礦ision Build Log</h1>
<h2>Tool Versions:</h2>
IDE-Version: μVision V5.27.1.0
Copyright (C) 2019 ARM Ltd and ARM Germany GmbH. All rights reserved.
License Information: 陈 泽天, 摆摆, LIC=IK156-DTUAS-DX5U3-ACNIH-78GH8-VFFFZ
 
Tool Versions:
Toolchain:       MDK-ARM Plus  Version: 5.14.0.0
Toolchain Path:  C:\Keil_v5\ARM\ARMCC\Bin
C Compiler:      Armcc.exe V5.05 update 1 (build 106)
Assembler:       Armasm.exe V5.05 update 1 (build 106)
Linker/Locator:  ArmLink.exe V5.05 update 1 (build 106)
Library Manager: ArmAr.exe V5.05 update 1 (build 106)
Hex Converter:   FromElf.exe V5.05 update 1 (build 106)
CPU DLL:         SARMCM3.DLL V5.14.0.0
Dialog DLL:      DCM.DLL V1.13.1.0
Target DLL:      STLink\ST-LINKIII-KEIL_SWO.dll V2.0.14.0_KEIL
Dialog DLL:      TCM.DLL V1.14.4.0
 
<h2>Project:</h2>
D:\Atheflonat\中大学习资料\空队\第三周考核\project_version3\mdk\c8_mdk\USER\Template.uvprojx
Project File Date:  09/30/2022

<h2>Output:</h2>
*** Using Compiler 'V5.05 update 1 (build 106)', folder: 'C:\Keil_v5\ARM\ARMCC\Bin'
Build target 'Template'
compiling main.c...
linking...
Program Size: Code=11752 RO-data=8488 RW-data=84 ZI-data=15204  
FromELF: creating hex file...
After Build - User command #1: fromelf.exe --bin -o "..\OBJ\Template.bin" "..\OBJ\Template.axf"
After Build - User command #2: fromelf.exe --info=totals "..\OBJ\Template.axf"
========================================================================
Object file sizes
      Code (inc. data)   RO Data    RW Data    ZI Data      Debug
     11752        910       8488         84      15204     550776   Grand Totals
     11752        910       8488         84          0          0   ROM Totals
========================================================================
    Total RO  Size (Code + RO Data)                20240 (  19.77kB)
    Total RW  Size (RW Data + ZI Data)             15288 (  14.93kB)
    Total ROM Size (Code + RO Data + RW Data)      20324 (  19.85kB)
========================================================================
"..\OBJ\Template.axf" - 0 Error(s), 0 Warning(s).

<h2>Software Packages used:</h2>

Package Vendor: Keil
                http://www.keil.com/pack/Keil.STM32F1xx_DFP.1.0.5.pack
                Keil.STM32F1xx_DFP.1.0.5
                STMicroelectronics STM32F1 Series Device Support, Drivers and Examples

<h2>Collection of Component include folders:</h2>
  .\RTE\_Template
  C:\Keil_v5\ARM\PACK\Keil\STM32F1xx_DFP\1.0.5\Device\Include

<h2>Collection of Component Files used:</h2>
Build Time Elapsed:  00:00:02
</pre>
</body>
</html>
